Jun 24 18:16:39 ayush-ubuntu kernel: Linux version 6.11.0-26-generic (buildd@lcy02-amd64-074) (x86_64-linux-gnu-gcc-13 (Ubuntu 13.3.0-6ubuntu2~24.04) 13.3.0, GNU ld (GNU Binutils for Ubuntu) 2.42) #26~24.04.1-Ubuntu SMP PREEMPT_DYNAMIC Thu Apr 17 19:20:47 UTC 2 (Ubuntu 6.11.0-26.26~24.04.1-generic 6.11.11)
Jun 24 18:16:39 ayush-ubuntu kernel: Command line: BOOT_IMAGE=/boot/vmlinuz-6.11.0-26-generic root=UUID=4947db02-b9a6-4ed2-83a9-4c7d9ea23b2e ro quiet splash vt.handoff=7
Jun 24 18:16:39 ayush-ubuntu kernel: KERNEL supported cpus:
Jun 24 18:16:39 ayush-ubuntu kernel:   Intel GenuineIntel
Jun 24 18:16:39 ayush-ubuntu kernel:   AMD AuthenticAMD
Jun 24 18:16:39 ayush-ubuntu kernel:   Hygon HygonGenuine
Jun 24 18:16:39 ayush-ubuntu kernel:   Centaur CentaurHauls
Jun 24 18:16:39 ayush-ubuntu kernel:   zhaoxin   Shanghai  
Jun 24 18:16:39 ayush-ubuntu kernel: BIOS-provided physical RAM map:
Jun 24 18:16:39 ayush-ubuntu kernel: BIOS-e820: [mem 0x0000000000000000-0x000000000009ffff] usable
Jun 24 18:16:39 ayush-ubuntu kernel: BIOS-e820: [mem 0x00000000000a0000-0x00000000000fffff] reserved
Jun 24 18:16:39 ayush-ubuntu kernel: BIOS-e820: [mem 0x0000000000100000-0x0000000009eeffff] usable
Jun 24 18:16:39 ayush-ubuntu kernel: BIOS-e820: [mem 0x0000000009ef0000-0x0000000009ffffff] reserved
Jun 24 18:16:39 ayush-ubuntu kernel: BIOS-e820: [mem 0x000000000a000000-0x000000000a1fffff] usable
Jun 24 18:16:39 ayush-ubuntu kernel: BIOS-e820: [mem 0x000000000a200000-0x000000000a20bfff] ACPI NVS
Jun 24 18:16:39 ayush-ubuntu kernel: BIOS-e820: [mem 0x000000000a20c000-0x00000000b5829fff] usable
Jun 24 18:16:39 ayush-ubuntu kernel: BIOS-e820: [mem 0x00000000b582a000-0x00000000b5980fff] reserved
Jun 24 18:16:39 ayush-ubuntu kernel: BIOS-e820: [mem 0x00000000b5981000-0x00000000b59f4fff] ACPI data
Jun 24 18:16:39 ayush-ubuntu kernel: BIOS-e820: [mem 0x00000000b59f5000-0x00000000b70e9fff] ACPI NVS
Jun 24 18:16:39 ayush-ubuntu kernel: BIOS-e820: [mem 0x00000000b70ea000-0x00000000bcbfdfff] reserved
Jun 24 18:16:39 ayush-ubuntu kernel: BIOS-e820: [mem 0x00000000bcbfe000-0x00000000bdffffff] usable
Jun 24 18:16:39 ayush-ubuntu kernel: BIOS-e820: [mem 0x00000000be000000-0x00000000bfffffff] reserved
Jun 24 18:16:39 ayush-ubuntu kernel: BIOS-e820: [mem 0x00000000f0000000-0x00000000f7ffffff] reserved
Jun 24 18:16:39 ayush-ubuntu kernel: BIOS-e820: [mem 0x00000000fd000000-0x00000000fdffffff] reserved
Jun 24 18:16:39 ayush-ubuntu kernel: BIOS-e820: [mem 0x00000000fe700000-0x00000000fe700fff] reserved
Jun 24 18:16:39 ayush-ubuntu kernel: BIOS-e820: [mem 0x00000000feb80000-0x00000000fec01fff] reserved
Jun 24 18:16:39 ayush-ubuntu kernel: BIOS-e820: [mem 0x00000000fec10000-0x00000000fec10fff] reserved
Jun 24 18:16:39 ayush-ubuntu kernel: BIOS-e820: [mem 0x00000000fed00000-0x00000000fed00fff] reserved
Jun 24 18:16:39 ayush-ubuntu kernel: BIOS-e820: [mem 0x00000000fed40000-0x00000000fed44fff] reserved
Jun 24 18:16:39 ayush-ubuntu kernel: BIOS-e820: [mem 0x00000000fed80000-0x00000000fed8ffff] reserved
Jun 24 18:16:39 ayush-ubuntu kernel: BIOS-e820: [mem 0x00000000fedc4000-0x00000000fedc9fff] reserved
Jun 24 18:16:39 ayush-ubuntu kernel: BIOS-e820: [mem 0x00000000fedcc000-0x00000000fedcefff] reserved
Jun 24 18:16:39 ayush-ubuntu kernel: BIOS-e820: [mem 0x00000000fedd5000-0x00000000fedd5fff] reserved
Jun 24 18:16:39 ayush-ubuntu kernel: BIOS-e820: [mem 0x00000000ff000000-0x00000000ffffffff] reserved
Jun 24 18:16:39 ayush-ubuntu kernel: BIOS-e820: [mem 0x0000000100000000-0x000000021e2fffff] usable
Jun 24 18:16:39 ayush-ubuntu kernel: BIOS-e820: [mem 0x000000021e300000-0x000000023fffffff] reserved
Jun 24 18:16:39 ayush-ubuntu kernel: NX (Execute Disable) protection: active
Jun 24 18:16:39 ayush-ubuntu kernel: APIC: Static calls initialized
Jun 24 18:16:39 ayush-ubuntu kernel: e820: update [mem 0xb2229018-0xb2236857] usable ==> usable
Jun 24 18:16:39 ayush-ubuntu kernel: extended physical RAM map:
Jun 24 18:16:39 ayush-ubuntu kernel: reserve setup_data: [mem 0x0000000000000000-0x000000000009ffff] usable
Jun 24 18:16:39 ayush-ubuntu kernel: reserve setup_data: [mem 0x00000000000a0000-0x00000000000fffff] reserved
Jun 24 18:16:39 ayush-ubuntu kernel: reserve setup_data: [mem 0x0000000000100000-0x0000000009eeffff] usable
Jun 24 18:16:39 ayush-ubuntu kernel: reserve setup_data: [mem 0x0000000009ef0000-0x0000000009ffffff] reserved
Jun 24 18:16:39 ayush-ubuntu kernel: reserve setup_data: [mem 0x000000000a000000-0x000000000a1fffff] usable
Jun 24 18:16:39 ayush-ubuntu kernel: reserve setup_data: [mem 0x000000000a200000-0x000000000a20bfff] ACPI NVS
Jun 24 18:16:39 ayush-ubuntu kernel: reserve setup_data: [mem 0x000000000a20c000-0x00000000b2229017] usable
Jun 24 18:16:39 ayush-ubuntu kernel: reserve setup_data: [mem 0x00000000b2229018-0x00000000b2236857] usable
Jun 24 18:16:39 ayush-ubuntu kernel: reserve setup_data: [mem 0x00000000b2236858-0x00000000b5829fff] usable
Jun 24 18:16:39 ayush-ubuntu kernel: reserve setup_data: [mem 0x00000000b582a000-0x00000000b5980fff] reserved
Jun 24 18:16:39 ayush-ubuntu kernel: reserve setup_data: [mem 0x00000000b5981000-0x00000000b59f4fff] ACPI data
Jun 24 18:16:39 ayush-ubuntu kernel: reserve setup_data: [mem 0x00000000b59f5000-0x00000000b70e9fff] ACPI NVS
Jun 24 18:16:39 ayush-ubuntu kernel: reserve setup_data: [mem 0x00000000b70ea000-0x00000000bcbfdfff] reserved
Jun 24 18:16:39 ayush-ubuntu kernel: reserve setup_data: [mem 0x00000000bcbfe000-0x00000000bdffffff] usable
Jun 24 18:16:39 ayush-ubuntu kernel: reserve setup_data: [mem 0x00000000be000000-0x00000000bfffffff] reserved
Jun 24 18:16:39 ayush-ubuntu kernel: reserve setup_data: [mem 0x00000000f0000000-0x00000000f7ffffff] reserved
Jun 24 18:16:39 ayush-ubuntu kernel: reserve setup_data: [mem 0x00000000fd000000-0x00000000fdffffff] reserved
Jun 24 18:16:39 ayush-ubuntu kernel: reserve setup_data: [mem 0x00000000fe700000-0x00000000fe700fff] reserved
Jun 24 18:16:39 ayush-ubuntu kernel: reserve setup_data: [mem 0x00000000feb80000-0x00000000fec01fff] reserved
Jun 24 18:16:39 ayush-ubuntu kernel: reserve setup_data: [mem 0x00000000fec10000-0x00000000fec10fff] reserved
Jun 24 18:16:39 ayush-ubuntu kernel: reserve setup_data: [mem 0x00000000fed00000-0x00000000fed00fff] reserved
Jun 24 18:16:39 ayush-ubuntu kernel: reserve setup_data: [mem 0x00000000fed40000-0x00000000fed44fff] reserved
Jun 24 18:16:39 ayush-ubuntu kernel: reserve setup_data: [mem 0x00000000fed80000-0x00000000fed8ffff] reserved
Jun 24 18:16:39 ayush-ubuntu kernel: reserve setup_data: [mem 0x00000000fedc4000-0x00000000fedc9fff] reserved
Jun 24 18:16:39 ayush-ubuntu kernel: reserve setup_data: [mem 0x00000000fedcc000-0x00000000fedcefff] reserved
Jun 24 18:16:39 ayush-ubuntu kernel: reserve setup_data: [mem 0x00000000fedd5000-0x00000000fedd5fff] reserved
Jun 24 18:16:39 ayush-ubuntu kernel: reserve setup_data: [mem 0x00000000ff000000-0x00000000ffffffff] reserved
Jun 24 18:16:39 ayush-ubuntu kernel: reserve setup_data: [mem 0x0000000100000000-0x000000021e2fffff] usable
Jun 24 18:16:39 ayush-ubuntu kernel: reserve setup_data: [mem 0x000000021e300000-0x000000023fffffff] reserved
Jun 24 18:16:39 ayush-ubuntu kernel: efi: EFI v2.7 by American Megatrends
Jun 24 18:16:39 ayush-ubuntu kernel: efi: ACPI=0xb59f4000 ACPI 2.0=0xb59f4014 TPMFinalLog=0xb609f000 SMBIOS=0xbc9eb000 SMBIOS 3.0=0xbc9ea000 MEMATTR=0xb3f7c518 ESRT=0xb4676598 MOKvar=0xbca86000 INITRD=0xb278fc98 RNG=0xb5997018 TPMEventLog=0xb598a018 
Jun 24 18:16:39 ayush-ubuntu kernel: random: crng init done
Jun 24 18:16:39 ayush-ubuntu kernel: efi: Remove mem66: MMIO range=[0xf0000000-0xf7ffffff] (128MB) from e820 map
Jun 24 18:16:39 ayush-ubuntu kernel: e820: remove [mem 0xf0000000-0xf7ffffff] reserved
Jun 24 18:16:39 ayush-ubuntu kernel: efi: Remove mem67: MMIO range=[0xfd000000-0xfdffffff] (16MB) from e820 map
Jun 24 18:16:39 ayush-ubuntu kernel: e820: remove [mem 0xfd000000-0xfdffffff] reserved
Jun 24 18:16:39 ayush-ubuntu kernel: efi: Not removing mem68: MMIO range=[0xfe700000-0xfe700fff] (4KB) from e820 map
Jun 24 18:16:39 ayush-ubuntu kernel: efi: Remove mem69: MMIO range=[0xfeb80000-0xfec01fff] (0MB) from e820 map
Jun 24 18:16:39 ayush-ubuntu kernel: e820: remove [mem 0xfeb80000-0xfec01fff] reserved
Jun 24 18:16:39 ayush-ubuntu kernel: efi: Not removing mem70: MMIO range=[0xfec10000-0xfec10fff] (4KB) from e820 map
Jun 24 18:16:39 ayush-ubuntu kernel: efi: Not removing mem71: MMIO range=[0xfed00000-0xfed00fff] (4KB) from e820 map
Jun 24 18:16:39 ayush-ubuntu kernel: efi: Not removing mem72: MMIO range=[0xfed40000-0xfed44fff] (20KB) from e820 map
Jun 24 18:16:39 ayush-ubuntu kernel: efi: Not removing mem73: MMIO range=[0xfed80000-0xfed8ffff] (64KB) from e820 map
Jun 24 18:16:39 ayush-ubuntu kernel: efi: Not removing mem74: MMIO range=[0xfedc4000-0xfedc9fff] (24KB) from e820 map
Jun 24 18:16:39 ayush-ubuntu kernel: efi: Not removing mem75: MMIO range=[0xfedcc000-0xfedcefff] (12KB) from e820 map
Jun 24 18:16:39 ayush-ubuntu kernel: efi: Not removing mem76: MMIO range=[0xfedd5000-0xfedd5fff] (4KB) from e820 map
Jun 24 18:16:39 ayush-ubuntu kernel: efi: Remove mem77: MMIO range=[0xff000000-0xffffffff] (16MB) from e820 map
Jun 24 18:16:39 ayush-ubuntu kernel: e820: remove [mem 0xff000000-0xffffffff] reserved
Jun 24 18:16:39 ayush-ubuntu kernel: SMBIOS 3.3.0 present.
Jun 24 18:16:39 ayush-ubuntu kernel: DMI: HP HP Laptop 15s-eq2xxx/887A, BIOS F.34 07/29/2024
Jun 24 18:16:39 ayush-ubuntu kernel: DMI: Memory slots populated: 1/2
Jun 24 18:16:39 ayush-ubuntu kernel: secureboot: Secure boot enabled
Jun 24 18:16:39 ayush-ubuntu kernel: Kernel is locked down from EFI Secure Boot mode; see man kernel_lockdown.7
Jun 24 18:16:39 ayush-ubuntu kernel: tsc: Fast TSC calibration using PIT
Jun 24 18:16:39 ayush-ubuntu kernel: tsc: Detected 2096.311 MHz processor
Jun 24 18:16:39 ayush-ubuntu kernel: e820: update [mem 0x00000000-0x00000fff] usable ==> reserved
Jun 24 18:16:39 ayush-ubuntu kernel: e820: remove [mem 0x000a0000-0x000fffff] usable
Jun 24 18:16:39 ayush-ubuntu kernel: last_pfn = 0x21e300 max_arch_pfn = 0x400000000
Jun 24 18:16:39 ayush-ubuntu kernel: MTRR map: 5 entries (3 fixed + 2 variable; max 20), built from 9 variable MTRRs
Jun 24 18:16:39 ayush-ubuntu kernel: x86/PAT: Configuration [0-7]: WB  WC  UC- UC  WB  WP  UC- WT  
Jun 24 18:16:39 ayush-ubuntu kernel: e820: update [mem 0xc0000000-0xffffffff] usable ==> reserved
Jun 24 18:16:39 ayush-ubuntu kernel: last_pfn = 0xbe000 max_arch_pfn = 0x400000000
Jun 24 18:16:39 ayush-ubuntu kernel: esrt: Reserving ESRT space from 0x00000000b4676598 to 0x00000000b46765d0.
Jun 24 18:16:39 ayush-ubuntu kernel: e820: update [mem 0xb4676000-0xb4676fff] usable ==> reserved
Jun 24 18:16:39 ayush-ubuntu kernel: Using GB pages for direct mapping
Jun 24 18:16:39 ayush-ubuntu kernel: secureboot: Secure boot enabled
Jun 24 18:16:39 ayush-ubuntu kernel: RAMDISK: [mem 0xa449c000-0xa8955fff]
Jun 24 18:16:39 ayush-ubuntu kernel: ACPI: Early table checksum verification disabled
Jun 24 18:16:39 ayush-ubuntu kernel: ACPI: RSDP 0x00000000B59F4014 000024 (v02 HPQOEM)
Jun 24 18:16:39 ayush-ubuntu kernel: ACPI: XSDT 0x00000000B59F3728 000114 (v01 HPQOEM SLIC-MPC 01072009 AMI  01000013)
Jun 24 18:16:39 ayush-ubuntu kernel: ACPI: FACP 0x00000000B59E5000 000114 (v06 HPQOEM SLIC-MPC 01072009 HP   00010013)
Jun 24 18:16:39 ayush-ubuntu kernel: ACPI: DSDT 0x00000000B59CF000 0152E2 (v02 HPQOEM 887A     01072009 ACPI 20190509)
Jun 24 18:16:39 ayush-ubuntu kernel: ACPI: FACS 0x00000000B609D000 000040
Jun 24 18:16:39 ayush-ubuntu kernel: ACPI: MSDM 0x00000000B59F2000 000055 (v03 HPQOEM SLIC-MPC 00000001 HP   00010013)
Jun 24 18:16:39 ayush-ubuntu kernel: ACPI: SSDT 0x00000000B59EA000 0072B0 (v02 HPQOEM 887A     00000002 ACPI 04000000)
Jun 24 18:16:39 ayush-ubuntu kernel: ACPI: SSDT 0x00000000B59E6000 003A21 (v01 HPQOEM 887A     00000001 ACPI 20190509)
Jun 24 18:16:39 ayush-ubuntu kernel: ACPI: FIDT 0x00000000B59CE000 00009C (v01 HPQOEM 887A     01072009 HP   00010013)
Jun 24 18:16:39 ayush-ubuntu kernel: ACPI: MCFG 0x00000000B59CD000 00003C (v01 HPQOEM 887A     01072009 HP   00010013)
Jun 24 18:16:39 ayush-ubuntu kernel: ACPI: HPET 0x00000000B59CC000 000038 (v01 HPQOEM 887A     01072009 HP   00000005)
Jun 24 18:16:39 ayush-ubuntu kernel: ACPI: FPDT 0x00000000B59CB000 000044 (v01 HPQOEM 887A     01072009 HP   01000013)
Jun 24 18:16:39 ayush-ubuntu kernel: ACPI: VFCT 0x00000000B59BD000 00D884 (v01 HPQOEM 887A     00000001 HP   31504F47)
Jun 24 18:16:39 ayush-ubuntu kernel: ACPI: SSDT 0x00000000B59BC000 000060 (v01 HPQOEM 887A     00000001 ACPI 20190509)
Jun 24 18:16:39 ayush-ubuntu kernel: ACPI: TPM2 0x00000000B59BB000 00004C (v04 HPQOEM 887A     00000001 HP   00000000)
Jun 24 18:16:39 ayush-ubuntu kernel: ACPI: SSDT 0x00000000B59B7000 003E88 (v02 HPQOEM 887A     00000001 ACPI 00000001)
Jun 24 18:16:39 ayush-ubuntu kernel: ACPI: CRAT 0x00000000B59B6000 000BA8 (v01 HPQOEM 887A     00000001 HP   00000001)
Jun 24 18:16:39 ayush-ubuntu kernel: ACPI: CDIT 0x00000000B59B5000 000029 (v01 HPQOEM 887A     00000001 HP   00000001)
Jun 24 18:16:39 ayush-ubuntu kernel: ACPI: SSDT 0x00000000B59B4000 000149 (v01 HPQOEM 887A     00000001 ACPI 20190509)
Jun 24 18:16:39 ayush-ubuntu kernel: ACPI: SSDT 0x00000000B59B2000 00148E (v01 HPQOEM 887A     00000001 ACPI 20190509)
Jun 24 18:16:39 ayush-ubuntu kernel: ACPI: SSDT 0x00000000B59B0000 00151E (v01 HPQOEM 887A     00000001 ACPI 20190509)
Jun 24 18:16:39 ayush-ubuntu kernel: ACPI: SSDT 0x00000000B59AF000 000641 (v01 HPQOEM 887A     00000001 ACPI 20190509)
Jun 24 18:16:39 ayush-ubuntu kernel: ACPI: SSDT 0x00000000B59AE000 00064F (v01 HPQOEM 887A     00000001 ACPI 20190509)
Jun 24 18:16:39 ayush-ubuntu kernel: ACPI: SSDT 0x00000000B59AA000 00386E (v01 HPQOEM 887A     00000001 ACPI 20190509)
Jun 24 18:16:39 ayush-ubuntu kernel: ACPI: WSMT 0x00000000B59A9000 000028 (v01 HPQOEM 887A     01072009 HP   00010013)
Jun 24 18:16:39 ayush-ubuntu kernel: ACPI: APIC 0x00000000B59A8000 0000DE (v04 HPQOEM 887A     01072009 HP   00010013)
Jun 24 18:16:39 ayush-ubuntu kernel: ACPI: IVRS 0x00000000B59A7000 0001A4 (v02 HPQOEM 887A     00000001 HP   00000000)
Jun 24 18:16:39 ayush-ubuntu kernel: ACPI: SSDT 0x00000000B59A6000 00008D (v01 HPQOEM 887A     00000001 ACPI 20190509)
Jun 24 18:16:39 ayush-ubuntu kernel: ACPI: SSDT 0x00000000B59A5000 0008F0 (v01 HPQOEM 887A     00000001 ACPI 20190509)
Jun 24 18:16:39 ayush-ubuntu kernel: ACPI: SSDT 0x00000000B59A4000 000057 (v01 HPQOEM 887A     00000001 ACPI 20190509)
Jun 24 18:16:39 ayush-ubuntu kernel: ACPI: SSDT 0x00000000B59A3000 000241 (v01 HPQOEM 887A     00000001 ACPI 20190509)
Jun 24 18:16:39 ayush-ubuntu kernel: ACPI: SSDT 0x00000000B59A2000 000695 (v01 HPQOEM 887A     00000001 ACPI 20190509)
Jun 24 18:16:39 ayush-ubuntu kernel: ACPI: SSDT 0x00000000B59A1000 000771 (v01 HPQOEM 887A     00000001 ACPI 20190509)
Jun 24 18:16:39 ayush-ubuntu kernel: ACPI: BGRT 0x00000000B59A0000 000038 (v01 HPQOEM 887A     01072009 HP   00010013)
Jun 24 18:16:39 ayush-ubuntu kernel: ACPI: Reserving FACP table memory at [mem 0xb59e5000-0xb59e5113]
Jun 24 18:16:39 ayush-ubuntu kernel: ACPI: Reserving DSDT table memory at [mem 0xb59cf000-0xb59e42e1]
Jun 24 18:16:39 ayush-ubuntu kernel: ACPI: Reserving FACS table memory at [mem 0xb609d000-0xb609d03f]
Jun 24 18:16:39 ayush-ubuntu kernel: ACPI: Reserving MSDM table memory at [mem 0xb59f2000-0xb59f2054]
Jun 24 18:16:39 ayush-ubuntu kernel: ACPI: Reserving SSDT table memory at [mem 0xb59ea000-0xb59f12af]
Jun 24 18:16:39 ayush-ubuntu kernel: ACPI: Reserving SSDT table memory at [mem 0xb59e6000-0xb59e9a20]
Jun 24 18:16:39 ayush-ubuntu kernel: ACPI: Reserving FIDT table memory at [mem 0xb59ce000-0xb59ce09b]
Jun 24 18:16:39 ayush-ubuntu kernel: ACPI: Reserving MCFG table memory at [mem 0xb59cd000-0xb59cd03b]
Jun 24 18:16:39 ayush-ubuntu kernel: ACPI: Reserving HPET table memory at [mem 0xb59cc000-0xb59cc037]
Jun 24 18:16:39 ayush-ubuntu kernel: ACPI: Reserving FPDT table memory at [mem 0xb59cb000-0xb59cb043]
Jun 24 18:16:39 ayush-ubuntu kernel: ACPI: Reserving VFCT table memory at [mem 0xb59bd000-0xb59ca883]
Jun 24 18:16:39 ayush-ubuntu kernel: ACPI: Reserving SSDT table memory at [mem 0xb59bc000-0xb59bc05f]
Jun 24 18:16:39 ayush-ubuntu kernel: ACPI: Reserving TPM2 table memory at [mem 0xb59bb000-0xb59bb04b]
Jun 24 18:16:39 ayush-ubuntu kernel: ACPI: Reserving SSDT table memory at [mem 0xb59b7000-0xb59bae87]
Jun 24 18:16:39 ayush-ubuntu kernel: ACPI: Reserving CRAT table memory at [mem 0xb59b6000-0xb59b6ba7]
Jun 24 18:16:39 ayush-ubuntu kernel: ACPI: Reserving CDIT table memory at [mem 0xb59b5000-0xb59b5028]
Jun 24 18:16:39 ayush-ubuntu kernel: ACPI: Reserving SSDT table memory at [mem 0xb59b4000-0xb59b4148]
Jun 24 18:16:39 ayush-ubuntu kernel: ACPI: Reserving SSDT table memory at [mem 0xb59b2000-0xb59b348d]
Jun 24 18:16:39 ayush-ubuntu kernel: ACPI: Reserving SSDT table memory at [mem 0xb59b0000-0xb59b151d]
Jun 24 18:16:39 ayush-ubuntu kernel: ACPI: Reserving SSDT table memory at [mem 0xb59af000-0xb59af640]
Jun 24 18:16:39 ayush-ubuntu kernel: ACPI: Reserving SSDT table memory at [mem 0xb59ae000-0xb59ae64e]
Jun 24 18:16:39 ayush-ubuntu kernel: ACPI: Reserving SSDT table memory at [mem 0xb59aa000-0xb59ad86d]
Jun 24 18:16:39 ayush-ubuntu kernel: ACPI: Reserving WSMT table memory at [mem 0xb59a9000-0xb59a9027]
Jun 24 18:16:39 ayush-ubuntu kernel: ACPI: Reserving APIC table memory at [mem 0xb59a8000-0xb59a80dd]
Jun 24 18:16:39 ayush-ubuntu kernel: ACPI: Reserving IVRS table memory at [mem 0xb59a7000-0xb59a71a3]
Jun 24 18:16:39 ayush-ubuntu kernel: ACPI: Reserving SSDT table memory at [mem 0xb59a6000-0xb59a608c]
Jun 24 18:16:39 ayush-ubuntu kernel: ACPI: Reserving SSDT table memory at [mem 0xb59a5000-0xb59a58ef]
Jun 24 18:16:39 ayush-ubuntu kernel: ACPI: Reserving SSDT table memory at [mem 0xb59a4000-0xb59a4056]
Jun 24 18:16:39 ayush-ubuntu kernel: ACPI: Reserving SSDT table memory at [mem 0xb59a3000-0xb59a3240]
Jun 24 18:16:39 ayush-ubuntu kernel: ACPI: Reserving SSDT table memory at [mem 0xb59a2000-0xb59a2694]
Jun 24 18:16:39 ayush-ubuntu kernel: ACPI: Reserving SSDT table memory at [mem 0xb59a1000-0xb59a1770]
Jun 24 18:16:39 ayush-ubuntu kernel: ACPI: Reserving BGRT table memory at [mem 0xb59a0000-0xb59a0037]
Jun 24 18:16:39 ayush-ubuntu kernel: No NUMA configuration found
Jun 24 18:16:39 ayush-ubuntu kernel: Faking a node at [mem 0x0000000000000000-0x000000021e2fffff]
Jun 24 18:16:39 ayush-ubuntu kernel: NODE_DATA(0) allocated [mem 0x21e2d5000-0x21e2fffff]
Jun 24 18:16:39 ayush-ubuntu kernel: Zone ranges:
Jun 24 18:16:39 ayush-ubuntu kernel:   DMA      [mem 0x0000000000001000-0x0000000000ffffff]
Jun 24 18:16:39 ayush-ubuntu kernel:   DMA32    [mem 0x0000000001000000-0x00000000ffffffff]
Jun 24 18:16:39 ayush-ubuntu kernel:   Normal   [mem 0x0000000100000000-0x000000021e2fffff]
Jun 24 18:16:39 ayush-ubuntu kernel:   Device   empty
Jun 24 18:16:39 ayush-ubuntu kernel: Movable zone start for each node
Jun 24 18:16:39 ayush-ubuntu kernel: Early memory node ranges
Jun 24 18:16:39 ayush-ubuntu kernel:   node   0: [mem 0x0000000000001000-0x000000000009ffff]
Jun 24 18:16:39 ayush-ubuntu kernel:   node   0: [mem 0x0000000000100000-0x0000000009eeffff]
Jun 24 18:16:39 ayush-ubuntu kernel:   node   0: [mem 0x000000000a000000-0x000000000a1fffff]
Jun 24 18:16:39 ayush-ubuntu kernel:   node   0: [mem 0x000000000a20c000-0x00000000b5829fff]
Jun 24 18:16:39 ayush-ubuntu kernel:   node   0: [mem 0x00000000bcbfe000-0x00000000bdffffff]
Jun 24 18:16:39 ayush-ubuntu kernel:   node   0: [mem 0x0000000100000000-0x000000021e2fffff]
Jun 24 18:16:39 ayush-ubuntu kernel: Initmem setup node 0 [mem 0x0000000000001000-0x000000021e2fffff]
Jun 24 18:16:39 ayush-ubuntu kernel: On node 0, zone DMA: 1 pages in unavailable ranges
Jun 24 18:16:39 ayush-ubuntu kernel: On node 0, zone DMA: 96 pages in unavailable ranges
Jun 24 18:16:39 ayush-ubuntu kernel: On node 0, zone DMA32: 272 pages in unavailable ranges
Jun 24 18:16:39 ayush-ubuntu kernel: On node 0, zone DMA32: 12 pages in unavailable ranges
Jun 24 18:16:39 ayush-ubuntu kernel: On node 0, zone DMA32: 29652 pages in unavailable ranges
Jun 24 18:16:39 ayush-ubuntu kernel: On node 0, zone Normal: 8192 pages in unavailable ranges
Jun 24 18:16:39 ayush-ubuntu kernel: On node 0, zone Normal: 7424 pages in unavailable ranges
Jun 24 18:16:39 ayush-ubuntu kernel: ACPI: PM-Timer IO Port: 0x808
Jun 24 18:16:39 ayush-ubuntu kernel: CPU topo: Ignoring hot-pluggable APIC ID 0 in present package.
Jun 24 18:16:39 ayush-ubuntu kernel: ACPI: LAPIC_NMI (acpi_id[0xff] high edge lint[0x1])
Jun 24 18:16:39 ayush-ubuntu kernel: IOAPIC[0]: apic_id 33, version 33, address 0xfec00000, GSI 0-23
Jun 24 18:16:39 ayush-ubuntu kernel: IOAPIC[1]: apic_id 34, version 33, address 0xfec01000, GSI 24-55
Jun 24 18:16:39 ayush-ubuntu kernel: ACPI: INT_SRC_OVR (bus 0 bus_irq 0 global_irq 2 dfl dfl)
Jun 24 18:16:39 ayush-ubuntu kernel: ACPI: INT_SRC_OVR (bus 0 bus_irq 9 global_irq 9 low level)
Jun 24 18:16:39 ayush-ubuntu kernel: ACPI: Using ACPI (MADT) for SMP configuration information
Jun 24 18:16:39 ayush-ubuntu kernel: ACPI: HPET id: 0x10228201 base: 0xfed00000
Jun 24 18:16:39 ayush-ubuntu kernel: e820: update [mem 0xb2833000-0xb2846fff] usable ==> reserved
Jun 24 18:16:39 ayush-ubuntu kernel: CPU topo: Max. logical packages:   1
Jun 24 18:16:39 ayush-ubuntu kernel: CPU topo: Max. logical dies:       1
Jun 24 18:16:39 ayush-ubuntu kernel: CPU topo: Max. dies per package:   1
Jun 24 18:16:39 ayush-ubuntu kernel: CPU topo: Max. threads per core:   2
Jun 24 18:16:39 ayush-ubuntu kernel: CPU topo: Num. cores per package:     6
Jun 24 18:16:39 ayush-ubuntu kernel: CPU topo: Num. threads per package:  12
Jun 24 18:16:39 ayush-ubuntu kernel: CPU topo: Allowing 12 present CPUs plus 0 hotplug CPUs
Jun 24 18:16:39 ayush-ubuntu kernel: CPU topo: Rejected CPUs 4
Jun 24 18:16:39 ayush-ubuntu kernel: PM: hibernation: Registered nosave memory: [mem 0x00000000-0x00000fff]
Jun 24 18:16:39 ayush-ubuntu kernel: PM: hibernation: Registered nosave memory: [mem 0x000a0000-0x000fffff]
Jun 24 18:16:39 ayush-ubuntu kernel: PM: hibernation: Registered nosave memory: [mem 0x09ef0000-0x09ffffff]
Jun 24 18:16:39 ayush-ubuntu kernel: PM: hibernation: Registered nosave memory: [mem 0x0a200000-0x0a20bfff]
Jun 24 18:16:39 ayush-ubuntu kernel: PM: hibernation: Registered nosave memory: [mem 0xb2229000-0xb2229fff]
Jun 24 18:16:39 ayush-ubuntu kernel: PM: hibernation: Registered nosave memory: [mem 0xb2236000-0xb2236fff]
Jun 24 18:16:39 ayush-ubuntu kernel: PM: hibernation: Registered nosave memory: [mem 0xb2833000-0xb2846fff]
Jun 24 18:16:39 ayush-ubuntu kernel: PM: hibernation: Registered nosave memory: [mem 0xb4676000-0xb4676fff]
Jun 24 18:16:39 ayush-ubuntu kernel: PM: hibernation: Registered nosave memory: [mem 0xb582a000-0xb5980fff]
Jun 24 18:16:39 ayush-ubuntu kernel: PM: hibernation: Registered nosave memory: [mem 0xb5981000-0xb59f4fff]
Jun 24 18:16:39 ayush-ubuntu kernel: PM: hibernation: Registered nosave memory: [mem 0xb59f5000-0xb70e9fff]
Jun 24 18:16:39 ayush-ubuntu kernel: PM: hibernation: Registered nosave memory: [mem 0xb70ea000-0xbcbfdfff]
Jun 24 18:16:39 ayush-ubuntu kernel: PM: hibernation: Registered nosave memory: [mem 0xbe000000-0xbfffffff]
Jun 24 18:16:39 ayush-ubuntu kernel: PM: hibernation: Registered nosave memory: [mem 0xc0000000-0xfe6fffff]
Jun 24 18:16:39 ayush-ubuntu kernel: PM: hibernation: Registered nosave memory: [mem 0xfe700000-0xfe700fff]
Jun 24 18:16:39 ayush-ubuntu kernel: PM: hibernation: Registered nosave memory: [mem 0xfe701000-0xfec0ffff]
Jun 24 18:16:39 ayush-ubuntu kernel: PM: hibernation: Registered nosave memory: [mem 0xfec10000-0xfec10fff]
Jun 24 18:16:39 ayush-ubuntu kernel: PM: hibernation: Registered nosave memory: [mem 0xfec11000-0xfecfffff]
Jun 24 18:16:39 ayush-ubuntu kernel: PM: hibernation: Registered nosave memory: [mem 0xfed00000-0xfed00fff]
Jun 24 18:16:39 ayush-ubuntu kernel: PM: hibernation: Registered nosave memory: [mem 0xfed01000-0xfed3ffff]
Jun 24 18:16:39 ayush-ubuntu kernel: PM: hibernation: Registered nosave memory: [mem 0xfed40000-0xfed44fff]
Jun 24 18:16:39 ayush-ubuntu kernel: PM: hibernation: Registered nosave memory: [mem 0xfed45000-0xfed7ffff]
Jun 24 18:16:39 ayush-ubuntu kernel: PM: hibernation: Registered nosave memory: [mem 0xfed80000-0xfed8ffff]
Jun 24 18:16:39 ayush-ubuntu kernel: PM: hibernation: Registered nosave memory: [mem 0xfed90000-0xfedc3fff]
Jun 24 18:16:39 ayush-ubuntu kernel: PM: hibernation: Registered nosave memory: [mem 0xfedc4000-0xfedc9fff]
Jun 24 18:16:39 ayush-ubuntu kernel: PM: hibernation: Registered nosave memory: [mem 0xfedca000-0xfedcbfff]
Jun 24 18:16:39 ayush-ubuntu kernel: PM: hibernation: Registered nosave memory: [mem 0xfedcc000-0xfedcefff]
Jun 24 18:16:39 ayush-ubuntu kernel: PM: hibernation: Registered nosave memory: [mem 0xfedcf000-0xfedd4fff]
Jun 24 18:16:39 ayush-ubuntu kernel: PM: hibernation: Registered nosave memory: [mem 0xfedd5000-0xfedd5fff]
Jun 24 18:16:39 ayush-ubuntu kernel: PM: hibernation: Registered nosave memory: [mem 0xfedd6000-0xffffffff]
Jun 24 18:16:39 ayush-ubuntu kernel: [mem 0xc0000000-0xfe6fffff] available for PCI devices
Jun 24 18:16:39 ayush-ubuntu kernel: Booting paravirtualized kernel on bare hardware
Jun 24 18:16:39 ayush-ubuntu kernel: clocksource: refined-jiffies: mask: 0xffffffff max_cycles: 0xffffffff, max_idle_ns: 1910969940391419 ns
Jun 24 18:16:39 ayush-ubuntu kernel: setup_percpu: NR_CPUS:8192 nr_cpumask_bits:12 nr_cpu_ids:12 nr_node_ids:1
Jun 24 18:16:39 ayush-ubuntu kernel: percpu: Embedded 88 pages/cpu s237568 r8192 d114688 u524288
Jun 24 18:16:39 ayush-ubuntu kernel: pcpu-alloc: s237568 r8192 d114688 u524288 alloc=1*2097152
Jun 24 18:16:39 ayush-ubuntu kernel: pcpu-alloc: [0] 00 01 02 03 [0] 04 05 06 07 
Jun 24 18:16:39 ayush-ubuntu kernel: pcpu-alloc: [0] 08 09 10 11 
Jun 24 18:16:39 ayush-ubuntu kernel: Kernel command line: BOOT_IMAGE=/boot/vmlinuz-6.11.0-26-generic root=UUID=4947db02-b9a6-4ed2-83a9-4c7d9ea23b2e ro quiet splash vt.handoff=7
Jun 24 18:16:39 ayush-ubuntu kernel: Unknown kernel command line parameters "splash BOOT_IMAGE=/boot/vmlinuz-6.11.0-26-generic", will be passed to user space.
Jun 24 18:16:39 ayush-ubuntu kernel: Dentry cache hash table entries: 1048576 (order: 11, 8388608 bytes, linear)
Jun 24 18:16:39 ayush-ubuntu kernel: Inode-cache hash table entries: 524288 (order: 10, 4194304 bytes, linear)
Jun 24 18:16:39 ayush-ubuntu kernel: Fallback order for Node 0: 0 
Jun 24 18:16:39 ayush-ubuntu kernel: Built 1 zonelists, mobility grouping on.  Total pages: 1920431
Jun 24 18:16:39 ayush-ubuntu kernel: Policy zone: Normal
Jun 24 18:16:39 ayush-ubuntu kernel: mem auto-init: stack:all(zero), heap alloc:on, heap free:off
Jun 24 18:16:39 ayush-ubuntu kernel: software IO TLB: area num 16.
Jun 24 18:16:39 ayush-ubuntu kernel: SLUB: HWalign=64, Order=0-3, MinObjects=0, CPUs=12, Nodes=1
Jun 24 18:16:39 ayush-ubuntu kernel: ftrace: allocating 59249 entries in 232 pages
Jun 24 18:16:39 ayush-ubuntu kernel: ftrace: allocated 232 pages with 4 groups
Jun 24 18:16:39 ayush-ubuntu kernel: Dynamic Preempt: voluntary
Jun 24 18:16:39 ayush-ubuntu kernel: rcu: Preemptible hierarchical RCU implementation.
Jun 24 18:16:39 ayush-ubuntu kernel: rcu:         RCU restricting CPUs from NR_CPUS=8192 to nr_cpu_ids=12.
Jun 24 18:16:39 ayush-ubuntu kernel:         Trampoline variant of Tasks RCU enabled.
Jun 24 18:16:39 ayush-ubuntu kernel:         Rude variant of Tasks RCU enabled.
Jun 24 18:16:39 ayush-ubuntu kernel:         Tracing variant of Tasks RCU enabled.
Jun 24 18:16:39 ayush-ubuntu kernel: rcu: RCU calculated value of scheduler-enlistment delay is 100 jiffies.
Jun 24 18:16:39 ayush-ubuntu kernel: rcu: Adjusting geometry for rcu_fanout_leaf=16, nr_cpu_ids=12
Jun 24 18:16:39 ayush-ubuntu kernel: RCU Tasks: Setting shift to 4 and lim to 1 rcu_task_cb_adjust=1 rcu_task_cpu_ids=12.
Jun 24 18:16:39 ayush-ubuntu kernel: RCU Tasks Rude: Setting shift to 4 and lim to 1 rcu_task_cb_adjust=1 rcu_task_cpu_ids=12.
Jun 24 18:16:39 ayush-ubuntu kernel: RCU Tasks Trace: Setting shift to 4 and lim to 1 rcu_task_cb_adjust=1 rcu_task_cpu_ids=12.
Jun 24 18:16:39 ayush-ubuntu kernel: NR_IRQS: 524544, nr_irqs: 1064, preallocated irqs: 16
Jun 24 18:16:39 ayush-ubuntu kernel: rcu: srcu_init: Setting srcu_struct sizes based on contention.
Jun 24 18:16:39 ayush-ubuntu kernel: Console: colour dummy device 80x25
Jun 24 18:16:39 ayush-ubuntu kernel: printk: legacy console [tty0] enabled
Jun 24 18:16:39 ayush-ubuntu kernel: ACPI: Core revision 20240322
Jun 24 18:16:39 ayush-ubuntu kernel: clocksource: hpet: mask: 0xffffffff max_cycles: 0xffffffff, max_idle_ns: 133484873504 ns
Jun 24 18:16:39 ayush-ubuntu kernel: APIC: Switch to symmetric I/O mode setup
Jun 24 18:16:39 ayush-ubuntu kernel: AMD-Vi: ivrs, add hid:AMDI0020, uid:\_SB.FUR0, rdevid:160
Jun 24 18:16:39 ayush-ubuntu kernel: AMD-Vi: ivrs, add hid:AMDI0020, uid:\_SB.FUR1, rdevid:160
Jun 24 18:16:39 ayush-ubuntu kernel: AMD-Vi: ivrs, add hid:AMDI0020, uid:\_SB.FUR2, rdevid:160
Jun 24 18:16:39 ayush-ubuntu kernel: AMD-Vi: ivrs, add hid:AMDI0020, uid:\_SB.FUR3, rdevid:160
Jun 24 18:16:39 ayush-ubuntu kernel: AMD-Vi: Using global IVHD EFR:0x206d73ef22254ade, EFR2:0x0
Jun 24 18:16:39 ayush-ubuntu kernel: ..TIMER: vector=0x30 apic1=0 pin1=2 apic2=-1 pin2=-1
Jun 24 18:16:39 ayush-ubuntu kernel: clocksource: tsc-early: mask: 0xffffffffffffffff max_cycles: 0x1e3793e6dc5, max_idle_ns: 440795312515 ns
Jun 24 18:16:39 ayush-ubuntu kernel: Calibrating delay loop (skipped), value calculated using timer frequency.. 4192.62 BogoMIPS (lpj=2096311)
Jun 24 18:16:39 ayush-ubuntu kernel: x86/cpu: User Mode Instruction Prevention (UMIP) activated
Jun 24 18:16:39 ayush-ubuntu kernel: LVT offset 1 assigned for vector 0xf9
Jun 24 18:16:39 ayush-ubuntu kernel: LVT offset 2 assigned for vector 0xf4
Jun 24 18:16:39 ayush-ubuntu kernel: Last level iTLB entries: 4KB 1024, 2MB 1024, 4MB 512
Jun 24 18:16:39 ayush-ubuntu kernel: Last level dTLB entries: 4KB 2048, 2MB 2048, 4MB 1024, 1GB 0
Jun 24 18:16:39 ayush-ubuntu kernel: process: using mwait in idle threads
Jun 24 18:16:39 ayush-ubuntu kernel: Spectre V1 : Mitigation: usercopy/swapgs barriers and __user pointer sanitization
Jun 24 18:16:39 ayush-ubuntu kernel: Spectre V2 : Mitigation: Retpolines
Jun 24 18:16:39 ayush-ubuntu kernel: Spectre V2 : Spectre v2 / SpectreRSB mitigation: Filling RSB on context switch
Jun 24 18:16:39 ayush-ubuntu kernel: Spectre V2 : Spectre v2 / SpectreRSB : Filling RSB on VMEXIT
Jun 24 18:16:39 ayush-ubuntu kernel: Spectre V2 : Enabling Speculation Barrier for firmware calls
Jun 24 18:16:39 ayush-ubuntu kernel: RETBleed: Mitigation: untrained return thunk
Jun 24 18:16:39 ayush-ubuntu kernel: Spectre V2 : mitigation: Enabling conditional Indirect Branch Prediction Barrier
Jun 24 18:16:39 ayush-ubuntu kernel: Spectre V2 : Selecting STIBP always-on mode to complement retbleed mitigation
Jun 24 18:16:39 ayush-ubuntu kernel: Spectre V2 : User space: Mitigation: STIBP always-on protection
Jun 24 18:16:39 ayush-ubuntu kernel: Speculative Store Bypass: Mitigation: Speculative Store Bypass disabled via prctl
Jun 24 18:16:39 ayush-ubuntu kernel: Speculative Return Stack Overflow: Mitigation: Safe RET
Jun 24 18:16:39 ayush-ubuntu kernel: x86/fpu: Supporting XSAVE feature 0x001: 'x87 floating point registers'
Jun 24 18:16:39 ayush-ubuntu kernel: x86/fpu: Supporting XSAVE feature 0x002: 'SSE registers'
Jun 24 18:16:39 ayush-ubuntu kernel: x86/fpu: Supporting XSAVE feature 0x004: 'AVX registers'
Jun 24 18:16:39 ayush-ubuntu kernel: x86/fpu: xstate_offset[2]:  576, xstate_sizes[2]:  256
Jun 24 18:16:39 ayush-ubuntu kernel: x86/fpu: Enabled xstate features 0x7, context size is 832 bytes, using 'compacted' format.
Jun 24 18:16:39 ayush-ubuntu kernel: Freeing SMP alternatives memory: 48K
Jun 24 18:16:39 ayush-ubuntu kernel: pid_max: default: 32768 minimum: 301
Jun 24 18:16:39 ayush-ubuntu kernel: LSM: initializing lsm=lockdown,capability,landlock,yama,apparmor,ima,evm
Jun 24 18:16:39 ayush-ubuntu kernel: landlock: Up and running.
Jun 24 18:16:39 ayush-ubuntu kernel: Yama: becoming mindful.
Jun 24 18:16:39 ayush-ubuntu kernel: AppArmor: AppArmor initialized
Jun 24 18:16:39 ayush-ubuntu kernel: Mount-cache hash table entries: 16384 (order: 5, 131072 bytes, linear)
Jun 24 18:16:39 ayush-ubuntu kernel: Mountpoint-cache hash table entries: 16384 (order: 5, 131072 bytes, linear)
Jun 24 18:16:39 ayush-ubuntu kernel: smpboot: CPU0: AMD Ryzen 5 5500U with Radeon Graphics (family: 0x17, model: 0x68, stepping: 0x1)
Jun 24 18:16:39 ayush-ubuntu kernel: Performance Events: Fam17h+ core perfctr, AMD PMU driver.
Jun 24 18:16:39 ayush-ubuntu kernel: ... version:                0
Jun 24 18:16:39 ayush-ubuntu kernel: ... bit width:              48
Jun 24 18:16:39 ayush-ubuntu kernel: ... generic registers:      6
Jun 24 18:16:39 ayush-ubuntu kernel: ... value mask:             0000ffffffffffff
Jun 24 18:16:39 ayush-ubuntu kernel: ... max period:             00007fffffffffff
Jun 24 18:16:39 ayush-ubuntu kernel: ... fixed-purpose events:   0
Jun 24 18:16:39 ayush-ubuntu kernel: ... event mask:             000000000000003f
Jun 24 18:16:39 ayush-ubuntu kernel: signal: max sigframe size: 1776
Jun 24 18:16:39 ayush-ubuntu kernel: rcu: Hierarchical SRCU implementation.
Jun 24 18:16:39 ayush-ubuntu kernel: rcu:         Max phase no-delay instances is 400.
Jun 24 18:16:39 ayush-ubuntu kernel: Timer migration: 2 hierarchy levels; 8 children per group; 2 crossnode level
Jun 24 18:16:39 ayush-ubuntu kernel: NMI watchdog: Enabled. Permanently consumes one hw-PMU counter.
Jun 24 18:16:39 ayush-ubuntu kernel: smp: Bringing up secondary CPUs ...
Jun 24 18:16:39 ayush-ubuntu kernel: smpboot: x86: Booting SMP configuration:
Jun 24 18:16:39 ayush-ubuntu kernel: .... node  #0, CPUs:        #2  #4  #6  #8 #10  #1  #3  #5  #7  #9 #11
Jun 24 18:16:39 ayush-ubuntu kernel: Spectre V2 : Update user space SMT mitigation: STIBP always-on
Jun 24 18:16:39 ayush-ubuntu kernel: smp: Brought up 1 node, 12 CPUs
Jun 24 18:16:39 ayush-ubuntu kernel: smpboot: Total of 12 processors activated (50311.46 BogoMIPS)
Jun 24 18:16:39 ayush-ubuntu kernel: Memory: 7332516K/7681724K available (22528K kernel code, 4521K rwdata, 14928K rodata, 5104K init, 4520K bss, 330460K reserved, 0K cma-reserved)
Jun 24 18:16:39 ayush-ubuntu kernel: devtmpfs: initialized
Jun 24 18:16:39 ayush-ubuntu kernel: x86/mm: Memory block size: 128MB
Jun 24 18:16:39 ayush-ubuntu kernel: ACPI: PM: Registering ACPI NVS region [mem 0x0a200000-0x0a20bfff] (49152 bytes)
Jun 24 18:16:39 ayush-ubuntu kernel: ACPI: PM: Registering ACPI NVS region [mem 0xb59f5000-0xb70e9fff] (24072192 bytes)
Jun 24 18:16:39 ayush-ubuntu kernel: clocksource: jiffies: mask: 0xffffffff max_cycles: 0xffffffff, max_idle_ns: 1911260446275000 ns
Jun 24 18:16:39 ayush-ubuntu kernel: futex hash table entries: 4096 (order: 6, 262144 bytes, linear)
Jun 24 18:16:39 ayush-ubuntu kernel: pinctrl core: initialized pinctrl subsystem
Jun 24 18:16:39 ayush-ubuntu kernel: PM: RTC time: 12:46:38, date: 2025-06-24
Jun 24 18:16:39 ayush-ubuntu kernel: NET: Registered PF_NETLINK/PF_ROUTE protocol family
Jun 24 18:16:39 ayush-ubuntu kernel: DMA: preallocated 1024 KiB GFP_KERNEL pool for atomic allocations
Jun 24 18:16:39 ayush-ubuntu kernel: DMA: preallocated 1024 KiB GFP_KERNEL|GFP_DMA pool for atomic allocations
Jun 24 18:16:39 ayush-ubuntu kernel: DMA: preallocated 1024 KiB GFP_KERNEL|GFP_DMA32 pool for atomic allocations
Jun 24 18:16:39 ayush-ubuntu kernel: audit: initializing netlink subsys (disabled)
Jun 24 18:16:39 ayush-ubuntu kernel: audit: type=2000 audit(1750769198.170:1): state=initialized audit_enabled=0 res=1
Jun 24 18:16:39 ayush-ubuntu kernel: thermal_sys: Registered thermal governor 'fair_share'
Jun 24 18:16:39 ayush-ubuntu kernel: thermal_sys: Registered thermal governor 'bang_bang'
Jun 24 18:16:39 ayush-ubuntu kernel: thermal_sys: Registered thermal governor 'step_wise'
Jun 24 18:16:39 ayush-ubuntu kernel: thermal_sys: Registered thermal governor 'user_space'
Jun 24 18:16:39 ayush-ubuntu kernel: thermal_sys: Registered thermal governor 'power_allocator'
Jun 24 18:16:39 ayush-ubuntu kernel: EISA bus registered
Jun 24 18:16:39 ayush-ubuntu kernel: cpuidle: using governor ladder
Jun 24 18:16:39 ayush-ubuntu kernel: cpuidle: using governor menu
Jun 24 18:16:39 ayush-ubuntu kernel: ACPI FADT declares the system doesn't support PCIe ASPM, so disable it
Jun 24 18:16:39 ayush-ubuntu kernel: acpiphp: ACPI Hot Plug PCI Controller Driver version: 0.5
Jun 24 18:16:39 ayush-ubuntu kernel: PCI: ECAM [mem 0xf0000000-0xf7ffffff] (base 0xf0000000) for domain 0000 [bus 00-7f]
Jun 24 18:16:39 ayush-ubuntu kernel: PCI: Using configuration type 1 for base access
Jun 24 18:16:39 ayush-ubuntu kernel: kprobes: kprobe jump-optimization is enabled. All kprobes are optimized if possible.
Jun 24 18:16:39 ayush-ubuntu kernel: HugeTLB: registered 1.00 GiB page size, pre-allocated 0 pages
Jun 24 18:16:39 ayush-ubuntu kernel: HugeTLB: 16380 KiB vmemmap can be freed for a 1.00 GiB page
Jun 24 18:16:39 ayush-ubuntu kernel: HugeTLB: registered 2.00 MiB page size, pre-allocated 0 pages
Jun 24 18:16:39 ayush-ubuntu kernel: HugeTLB: 28 KiB vmemmap can be freed for a 2.00 MiB page
Jun 24 18:16:39 ayush-ubuntu kernel: ACPI: Added _OSI(Module Device)
Jun 24 18:16:39 ayush-ubuntu kernel: ACPI: Added _OSI(Processor Device)
Jun 24 18:16:39 ayush-ubuntu kernel: ACPI: Added _OSI(3.0 _SCP Extensions)
Jun 24 18:16:39 ayush-ubuntu kernel: ACPI: Added _OSI(Processor Aggregator Device)
Jun 24 18:16:39 ayush-ubuntu kernel: ACPI: 17 ACPI AML tables successfully acquired and loaded
Jun 24 18:16:39 ayush-ubuntu kernel: ACPI: [Firmware Bug]: BIOS _OSI(Linux) query ignored
Jun 24 18:16:39 ayush-ubuntu kernel: ACPI: EC: EC started
Jun 24 18:16:39 ayush-ubuntu kernel: ACPI: EC: interrupt blocked
Jun 24 18:16:39 ayush-ubuntu kernel: ACPI: EC: EC_CMD/EC_SC=0x66, EC_DATA=0x62
Jun 24 18:16:39 ayush-ubuntu kernel: ACPI: \_SB_.PCI0.SBRG.EC0_: Boot DSDT EC used to handle transactions
Jun 24 18:16:39 ayush-ubuntu kernel: ACPI: Interpreter enabled
Jun 24 18:16:39 ayush-ubuntu kernel: ACPI: PM: (supports S0 S4 S5)
Jun 24 18:16:39 ayush-ubuntu kernel: ACPI: Using IOAPIC for interrupt routing
Jun 24 18:16:39 ayush-ubuntu kernel: PCI: Using host bridge windows from ACPI; if necessary, use "pci=nocrs" and report a bug
Jun 24 18:16:39 ayush-ubuntu kernel: PCI: Ignoring E820 reservations for host bridge windows
Jun 24 18:16:39 ayush-ubuntu kernel: ACPI: \_SB_.PCI0.GP17.XHC0.P0U0: New power resource
Jun 24 18:16:39 ayush-ubuntu kernel: ACPI: \_SB_.PCI0.GP17.XHC0.P3U0: New power resource
Jun 24 18:16:39 ayush-ubuntu kernel: ACPI: \_SB_.PCI0.GP17.XHC1.P0U1: New power resource
Jun 24 18:16:39 ayush-ubuntu kernel: ACPI: \_SB_.PCI0.GP17.XHC1.P3U1: New power resource
Jun 24 18:16:39 ayush-ubuntu kernel: ACPI: \_SB_.PCI0.GP18.SATA.P0SA: New power resource
Jun 24 18:16:39 ayush-ubuntu kernel: ACPI: \_SB_.PCI0.GP18.SAT1.P0SA: New power resource
Jun 24 18:16:39 ayush-ubuntu kernel: ACPI: \_SB_.PCI0.GPP6.P0NV: New power resource
Jun 24 18:16:39 ayush-ubuntu kernel: ACPI: \_SB_.PRWL: New power resource
Jun 24 18:16:39 ayush-ubuntu kernel: ACPI: \_SB_.PRWB: New power resource
Jun 24 18:16:39 ayush-ubuntu kernel: ACPI: PCI Root Bridge [PCI0] (domain 0000 [bus 00-ff])
Jun 24 18:16:39 ayush-ubuntu kernel: acpi PNP0A08:00: _OSC: OS supports [ExtendedConfig ASPM ClockPM Segments MSI EDR HPX-Type3]
Jun 24 18:16:39 ayush-ubuntu kernel: acpi PNP0A08:00: _OSC: platform does not support [SHPCHotplug LTR DPC]
Jun 24 18:16:39 ayush-ubuntu kernel: acpi PNP0A08:00: _OSC: OS now controls [PCIeHotplug PME AER PCIeCapability]
Jun 24 18:16:39 ayush-ubuntu kernel: acpi PNP0A08:00: FADT indicates ASPM is unsupported, using BIOS configuration
Jun 24 18:16:39 ayush-ubuntu kernel: acpi PNP0A08:00: [Firmware Info]: ECAM [mem 0xf0000000-0xf7ffffff] for domain 0000 [bus 00-7f] only partially covers this bridge
Jun 24 18:16:39 ayush-ubuntu kernel: PCI host bridge to bus 0000:00
Jun 24 18:16:39 ayush-ubuntu kernel: pci_bus 0000:00: root bus resource [io  0x0000-0x03af window]
Jun 24 18:16:39 ayush-ubuntu kernel: pci_bus 0000:00: root bus resource [io  0x03e0-0x0cf7 window]
Jun 24 18:16:39 ayush-ubuntu kernel: pci_bus 0000:00: root bus resource [io  0x03b0-0x03df window]
Jun 24 18:16:39 ayush-ubuntu kernel: pci_bus 0000:00: root bus resource [io  0x0d00-0xffff window]
Jun 24 18:16:39 ayush-ubuntu kernel: pci_bus 0000:00: root bus resource [mem 0x000a0000-0x000dffff window]
Jun 24 18:16:39 ayush-ubuntu kernel: pci_bus 0000:00: root bus resource [mem 0xc0000000-0xfebfffff window]
Jun 24 18:16:39 ayush-ubuntu kernel: pci_bus 0000:00: root bus resource [mem 0xfee00000-0xffffffff window]
Jun 24 18:16:39 ayush-ubuntu kernel: pci_bus 0000:00: root bus resource [bus 00-ff]
Jun 24 18:16:39 ayush-ubuntu kernel: pci 0000:00:00.0: [1022:1630] type 00 class 0x060000 conventional PCI endpoint
Jun 24 18:16:39 ayush-ubuntu kernel: pci 0000:00:00.2: [1022:1631] type 00 class 0x080600 conventional PCI endpoint
Jun 24 18:16:39 ayush-ubuntu kernel: pci 0000:00:01.0: [1022:1632] type 00 class 0x060000 conventional PCI endpoint
Jun 24 18:16:39 ayush-ubuntu kernel: pci 0000:00:02.0: [1022:1632] type 00 class 0x060000 conventional PCI endpoint
Jun 24 18:16:39 ayush-ubuntu kernel: pci 0000:00:02.2: [1022:1634] type 01 class 0x060400 PCIe Root Port
Jun 24 18:16:39 ayush-ubuntu kernel: pci 0000:00:02.2: PCI bridge to [bus 01]
Jun 24 18:16:39 ayush-ubuntu kernel: pci 0000:00:02.2:   bridge window [io  0xf000-0xffff]
Jun 24 18:16:39 ayush-ubuntu kernel: pci 0000:00:02.2:   bridge window [mem 0xfcf00000-0xfcffffff]
Jun 24 18:16:39 ayush-ubuntu kernel: pci 0000:00:02.2: enabling Extended Tags
Jun 24 18:16:39 ayush-ubuntu kernel: pci 0000:00:02.2: PME# supported from D0 D3hot D3cold
Jun 24 18:16:39 ayush-ubuntu kernel: pci 0000:00:02.4: [1022:1634] type 01 class 0x060400 PCIe Root Port
Jun 24 18:16:39 ayush-ubuntu kernel: pci 0000:00:02.4: PCI bridge to [bus 02]
Jun 24 18:16:39 ayush-ubuntu kernel: pci 0000:00:02.4:   bridge window [mem 0xfce00000-0xfcefffff]
Jun 24 18:16:39 ayush-ubuntu kernel: pci 0000:00:02.4: enabling Extended Tags
Jun 24 18:16:39 ayush-ubuntu kernel: pci 0000:00:02.4: PME# supported from D0 D3hot D3cold
Jun 24 18:16:39 ayush-ubuntu kernel: pci 0000:00:08.0: [1022:1632] type 00 class 0x060000 conventional PCI endpoint
Jun 24 18:16:39 ayush-ubuntu kernel: pci 0000:00:08.1: [1022:1635] type 01 class 0x060400 PCIe Root Port
Jun 24 18:16:39 ayush-ubuntu kernel: pci 0000:00:08.1: PCI bridge to [bus 03]
Jun 24 18:16:39 ayush-ubuntu kernel: pci 0000:00:08.1:   bridge window [io  0xe000-0xefff]
Jun 24 18:16:39 ayush-ubuntu kernel: pci 0000:00:08.1:   bridge window [mem 0xfca00000-0xfcdfffff]
Jun 24 18:16:39 ayush-ubuntu kernel: pci 0000:00:08.1:   bridge window [mem 0xd0000000-0xe01fffff 64bit pref]
Jun 24 18:16:39 ayush-ubuntu kernel: pci 0000:00:08.1: enabling Extended Tags
Jun 24 18:16:39 ayush-ubuntu kernel: pci 0000:00:08.1: PME# supported from D0 D3hot D3cold
Jun 24 18:16:39 ayush-ubuntu kernel: pci 0000:00:14.0: [1022:790b] type 00 class 0x0c0500 conventional PCI endpoint
Jun 24 18:16:39 ayush-ubuntu kernel: pci 0000:00:14.3: [1022:790e] type 00 class 0x060100 conventional PCI endpoint
Jun 24 18:16:39 ayush-ubuntu kernel: pci 0000:00:18.0: [1022:1448] type 00 class 0x060000 conventional PCI endpoint
Jun 24 18:16:39 ayush-ubuntu kernel: pci 0000:00:18.1: [1022:1449] type 00 class 0x060000 conventional PCI endpoint
Jun 24 18:16:39 ayush-ubuntu kernel: pci 0000:00:18.2: [1022:144a] type 00 class 0x060000 conventional PCI endpoint
Jun 24 18:16:39 ayush-ubuntu kernel: pci 0000:00:18.3: [1022:144b] type 00 class 0x060000 conventional PCI endpoint
Jun 24 18:16:39 ayush-ubuntu kernel: pci 0000:00:18.4: [1022:144c] type 00 class 0x060000 conventional PCI endpoint
Jun 24 18:16:39 ayush-ubuntu kernel: pci 0000:00:18.5: [1022:144d] type 00 class 0x060000 conventional PCI endpoint
Jun 24 18:16:39 ayush-ubuntu kernel: pci 0000:00:18.6: [1022:144e] type 00 class 0x060000 conventional PCI endpoint
Jun 24 18:16:39 ayush-ubuntu kernel: pci 0000:00:18.7: [1022:144f] type 00 class 0x060000 conventional PCI endpoint
Jun 24 18:16:39 ayush-ubuntu kernel: pci 0000:01:00.0: [10ec:c822] type 00 class 0x028000 PCIe Endpoint
Jun 24 18:16:39 ayush-ubuntu kernel: pci 0000:01:00.0: BAR 0 [io  0xf000-0xf0ff]
Jun 24 18:16:39 ayush-ubuntu kernel: pci 0000:01:00.0: BAR 2 [mem 0xfcf00000-0xfcf0ffff 64bit]
Jun 24 18:16:39 ayush-ubuntu kernel: pci 0000:01:00.0: supports D1 D2
Jun 24 18:16:39 ayush-ubuntu kernel: pci 0000:01:00.0: PME# supported from D0 D1 D2 D3hot D3cold
Jun 24 18:16:39 ayush-ubuntu kernel: pci 0000:00:02.2: PCI bridge to [bus 01]
Jun 24 18:16:39 ayush-ubuntu kernel: pci 0000:02:00.0: [1c5c:174a] type 00 class 0x010802 PCIe Endpoint
Jun 24 18:16:39 ayush-ubuntu kernel: pci 0000:02:00.0: BAR 0 [mem 0xfce00000-0xfce03fff 64bit]
Jun 24 18:16:39 ayush-ubuntu kernel: pci 0000:02:00.0: BAR 2 [mem 0xfce05000-0xfce05fff]
Jun 24 18:16:39 ayush-ubuntu kernel: pci 0000:02:00.0: BAR 3 [mem 0xfce04000-0xfce04fff]
Jun 24 18:16:39 ayush-ubuntu kernel: pci 0000:00:02.4: PCI bridge to [bus 02]
Jun 24 18:16:39 ayush-ubuntu kernel: pci 0000:03:00.0: [1002:164c] type 00 class 0x030000 PCIe Legacy Endpoint
Jun 24 18:16:39 ayush-ubuntu kernel: pci 0000:03:00.0: BAR 0 [mem 0xd0000000-0xdfffffff 64bit pref]
Jun 24 18:16:39 ayush-ubuntu kernel: pci 0000:03:00.0: BAR 2 [mem 0xe0000000-0xe01fffff 64bit pref]
Jun 24 18:16:39 ayush-ubuntu kernel: pci 0000:03:00.0: BAR 4 [io  0xe000-0xe0ff]
Jun 24 18:16:39 ayush-ubuntu kernel: pci 0000:03:00.0: BAR 5 [mem 0xfcd00000-0xfcd7ffff]
Jun 24 18:16:39 ayush-ubuntu kernel: pci 0000:03:00.0: enabling Extended Tags
Jun 24 18:16:39 ayush-ubuntu kernel: pci 0000:03:00.0: PME# supported from D1 D2 D3hot D3cold
Jun 24 18:16:39 ayush-ubuntu kernel: pci 0000:03:00.0: 126.016 Gb/s available PCIe bandwidth, limited by 8.0 GT/s PCIe x16 link at 0000:00:08.1 (capable of 252.048 Gb/s with 16.0 GT/s PCIe x16 link)
Jun 24 18:16:39 ayush-ubuntu kernel: pci 0000:03:00.1: [1002:1637] type 00 class 0x040300 PCIe Legacy Endpoint
Jun 24 18:16:39 ayush-ubuntu kernel: pci 0000:03:00.1: BAR 0 [mem 0xfcdc8000-0xfcdcbfff]
Jun 24 18:16:39 ayush-ubuntu kernel: pci 0000:03:00.1: enabling Extended Tags
Jun 24 18:16:39 ayush-ubuntu kernel: pci 0000:03:00.1: PME# supported from D1 D2 D3hot D3cold
Jun 24 18:16:39 ayush-ubuntu kernel: pci 0000:03:00.2: [1022:15df] type 00 class 0x108000 PCIe Endpoint
Jun 24 18:16:39 ayush-ubuntu kernel: pci 0000:03:00.2: BAR 2 [mem 0xfcc00000-0xfccfffff]
Jun 24 18:16:39 ayush-ubuntu kernel: pci 0000:03:00.2: BAR 5 [mem 0xfcdcc000-0xfcdcdfff]
Jun 24 18:16:39 ayush-ubuntu kernel: pci 0000:03:00.2: enabling Extended Tags
Jun 24 18:16:39 ayush-ubuntu kernel: pci 0000:03:00.3: [1022:1639] type 00 class 0x0c0330 PCIe Endpoint
Jun 24 18:16:39 ayush-ubuntu kernel: pci 0000:03:00.3: BAR 0 [mem 0xfcb00000-0xfcbfffff 64bit]
Jun 24 18:16:39 ayush-ubuntu kernel: pci 0000:03:00.3: enabling Extended Tags
Jun 24 18:16:39 ayush-ubuntu kernel: pci 0000:03:00.3: PME# supported from D0 D3hot D3cold
Jun 24 18:16:39 ayush-ubuntu kernel: pci 0000:03:00.4: [1022:1639] type 00 class 0x0c0330 PCIe Endpoint
Jun 24 18:16:39 ayush-ubuntu kernel: pci 0000:03:00.4: BAR 0 [mem 0xfca00000-0xfcafffff 64bit]
Jun 24 18:16:39 ayush-ubuntu kernel: pci 0000:03:00.4: enabling Extended Tags
Jun 24 18:16:39 ayush-ubuntu kernel: pci 0000:03:00.4: PME# supported from D0 D3hot D3cold
Jun 24 18:16:39 ayush-ubuntu kernel: pci 0000:03:00.5: [1022:15e2] type 00 class 0x048000 PCIe Endpoint
Jun 24 18:16:39 ayush-ubuntu kernel: pci 0000:03:00.5: BAR 0 [mem 0xfcd80000-0xfcdbffff]
Jun 24 18:16:39 ayush-ubuntu kernel: pci 0000:03:00.5: enabling Extended Tags
Jun 24 18:16:39 ayush-ubuntu kernel: pci 0000:03:00.5: PME# supported from D0 D3hot D3cold
Jun 24 18:16:39 ayush-ubuntu kernel: pci 0000:03:00.6: [1022:15e3] type 00 class 0x040300 PCIe Endpoint
Jun 24 18:16:39 ayush-ubuntu kernel: pci 0000:03:00.6: BAR 0 [mem 0xfcdc0000-0xfcdc7fff]
Jun 24 18:16:39 ayush-ubuntu kernel: pci 0000:03:00.6: enabling Extended Tags
Jun 24 18:16:39 ayush-ubuntu kernel: pci 0000:03:00.6: PME# supported from D0 D3hot D3cold
Jun 24 18:16:39 ayush-ubuntu kernel: pci 0000:00:08.1: PCI bridge to [bus 03]
Jun 24 18:16:39 ayush-ubuntu kernel: ACPI: PCI: Interrupt link LNKA configured for IRQ 0
Jun 24 18:16:39 ayush-ubuntu kernel: ACPI: PCI: Interrupt link LNKB configured for IRQ 0
Jun 24 18:16:39 ayush-ubuntu kernel: ACPI: PCI: Interrupt link LNKC configured for IRQ 0
Jun 24 18:16:39 ayush-ubuntu kernel: ACPI: PCI: Interrupt link LNKD configured for IRQ 0
Jun 24 18:16:39 ayush-ubuntu kernel: ACPI: PCI: Interrupt link LNKE configured for IRQ 0
Jun 24 18:16:39 ayush-ubuntu kernel: ACPI: PCI: Interrupt link LNKF configured for IRQ 0
Jun 24 18:16:39 ayush-ubuntu kernel: ACPI: PCI: Interrupt link LNKG configured for IRQ 0
Jun 24 18:16:39 ayush-ubuntu kernel: ACPI: PCI: Interrupt link LNKH configured for IRQ 0
Jun 24 18:16:39 ayush-ubuntu kernel: Low-power S0 idle used by default for system suspend
Jun 24 18:16:39 ayush-ubuntu kernel: ACPI: EC: interrupt unblocked
Jun 24 18:16:39 ayush-ubuntu kernel: ACPI: EC: event unblocked
Jun 24 18:16:39 ayush-ubuntu kernel: ACPI: EC: EC_CMD/EC_SC=0x66, EC_DATA=0x62
Jun 24 18:16:39 ayush-ubuntu kernel: ACPI: EC: GPE=0x3
Jun 24 18:16:39 ayush-ubuntu kernel: ACPI: \_SB_.PCI0.SBRG.EC0_: Boot DSDT EC initialization complete
Jun 24 18:16:39 ayush-ubuntu kernel: ACPI: \_SB_.PCI0.SBRG.EC0_: EC: Used to handle transactions and events
Jun 24 18:16:39 ayush-ubuntu kernel: iommu: Default domain type: Translated
Jun 24 18:16:39 ayush-ubuntu kernel: iommu: DMA domain TLB invalidation policy: lazy mode
Jun 24 18:16:39 ayush-ubuntu kernel: SCSI subsystem initialized
Jun 24 18:16:39 ayush-ubuntu kernel: libata version 3.00 loaded.
Jun 24 18:16:39 ayush-ubuntu kernel: ACPI: bus type USB registered
Jun 24 18:16:39 ayush-ubuntu kernel: usbcore: registered new interface driver usbfs
Jun 24 18:16:39 ayush-ubuntu kernel: usbcore: registered new interface driver hub
Jun 24 18:16:39 ayush-ubuntu kernel: usbcore: registered new device driver usb
Jun 24 18:16:39 ayush-ubuntu kernel: pps_core: LinuxPPS API ver. 1 registered
Jun 24 18:16:39 ayush-ubuntu kernel: pps_core: Software ver. 5.3.6 - Copyright 2005-2007 Rodolfo Giometti <giometti@linux.it>
Jun 24 18:16:39 ayush-ubuntu kernel: PTP clock support registered
Jun 24 18:16:39 ayush-ubuntu kernel: EDAC MC: Ver: 3.0.0
Jun 24 18:16:39 ayush-ubuntu kernel: efivars: Registered efivars operations
Jun 24 18:16:39 ayush-ubuntu kernel: NetLabel: Initializing
Jun 24 18:16:39 ayush-ubuntu kernel: NetLabel:  domain hash size = 128
Jun 24 18:16:39 ayush-ubuntu kernel: NetLabel:  protocols = UNLABELED CIPSOv4 CALIPSO
Jun 24 18:16:39 ayush-ubuntu kernel: NetLabel:  unlabeled traffic allowed by default
Jun 24 18:16:39 ayush-ubuntu kernel: mctp: management component transport protocol core
Jun 24 18:16:39 ayush-ubuntu kernel: NET: Registered PF_MCTP protocol family
Jun 24 18:16:39 ayush-ubuntu kernel: PCI: Using ACPI for IRQ routing
Jun 24 18:16:39 ayush-ubuntu kernel: PCI: pci_cache_line_size set to 64 bytes
Jun 24 18:16:39 ayush-ubuntu kernel: e820: reserve RAM buffer [mem 0x09ef0000-0x0bffffff]
Jun 24 18:16:39 ayush-ubuntu kernel: e820: reserve RAM buffer [mem 0x0a200000-0x0bffffff]
Jun 24 18:16:39 ayush-ubuntu kernel: e820: reserve RAM buffer [mem 0xb2229018-0xb3ffffff]
Jun 24 18:16:39 ayush-ubuntu kernel: e820: reserve RAM buffer [mem 0xb2833000-0xb3ffffff]
Jun 24 18:16:39 ayush-ubuntu kernel: e820: reserve RAM buffer [mem 0xb4676000-0xb7ffffff]
Jun 24 18:16:39 ayush-ubuntu kernel: e820: reserve RAM buffer [mem 0xb582a000-0xb7ffffff]
Jun 24 18:16:39 ayush-ubuntu kernel: e820: reserve RAM buffer [mem 0xbe000000-0xbfffffff]
Jun 24 18:16:39 ayush-ubuntu kernel: e820: reserve RAM buffer [mem 0x21e300000-0x21fffffff]
Jun 24 18:16:39 ayush-ubuntu kernel: pci 0000:03:00.0: vgaarb: setting as boot VGA device
Jun 24 18:16:39 ayush-ubuntu kernel: pci 0000:03:00.0: vgaarb: bridge control possible
Jun 24 18:16:39 ayush-ubuntu kernel: pci 0000:03:00.0: vgaarb: VGA device added: decodes=io+mem,owns=none,locks=none
Jun 24 18:16:39 ayush-ubuntu kernel: vgaarb: loaded
Jun 24 18:16:39 ayush-ubuntu kernel: hpet0: at MMIO 0xfed00000, IRQs 2, 8, 0
Jun 24 18:16:39 ayush-ubuntu kernel: hpet0: 3 comparators, 32-bit 14.318180 MHz counter
Jun 24 18:16:39 ayush-ubuntu kernel: clocksource: Switched to clocksource tsc-early
Jun 24 18:16:39 ayush-ubuntu kernel: VFS: Disk quotas dquot_6.6.0
Jun 24 18:16:39 ayush-ubuntu kernel: VFS: Dquot-cache hash table entries: 512 (order 0, 4096 bytes)
Jun 24 18:16:39 ayush-ubuntu kernel: AppArmor: AppArmor Filesystem Enabled
Jun 24 18:16:39 ayush-ubuntu kernel: pnp: PnP ACPI init
Jun 24 18:16:39 ayush-ubuntu kernel: system 00:00: [mem 0xf0000000-0xf7ffffff] has been reserved
Jun 24 18:16:39 ayush-ubuntu kernel: system 00:03: [io  0x04d0-0x04d1] has been reserved
Jun 24 18:16:39 ayush-ubuntu kernel: system 00:03: [io  0x040b] has been reserved
Jun 24 18:16:39 ayush-ubuntu kernel: system 00:03: [io  0x04d6] has been reserved
Jun 24 18:16:39 ayush-ubuntu kernel: system 00:03: [io  0x0c00-0x0c01] has been reserved
Jun 24 18:16:39 ayush-ubuntu kernel: system 00:03: [io  0x0c14] has been reserved
Jun 24 18:16:39 ayush-ubuntu kernel: system 00:03: [io  0x0c50-0x0c51] has been reserved
Jun 24 18:16:39 ayush-ubuntu kernel: system 00:03: [io  0x0c52] has been reserved
Jun 24 18:16:39 ayush-ubuntu kernel: system 00:03: [io  0x0c6c] has been reserved
Jun 24 18:16:39 ayush-ubuntu kernel: system 00:03: [io  0x0c6f] has been reserved
Jun 24 18:16:39 ayush-ubuntu kernel: system 00:03: [io  0x0cd8-0x0cdf] has been reserved
Jun 24 18:16:39 ayush-ubuntu kernel: system 00:03: [io  0x0800-0x089f] has been reserved
Jun 24 18:16:39 ayush-ubuntu kernel: system 00:03: [io  0x0b00-0x0b0f] has been reserved
Jun 24 18:16:39 ayush-ubuntu kernel: system 00:03: [io  0x0b20-0x0b3f] has been reserved
Jun 24 18:16:39 ayush-ubuntu kernel: system 00:03: [io  0x0900-0x090f] has been reserved
Jun 24 18:16:39 ayush-ubuntu kernel: system 00:03: [io  0x0910-0x091f] has been reserved
Jun 24 18:16:39 ayush-ubuntu kernel: system 00:03: [mem 0xfec00000-0xfec00fff] could not be reserved
Jun 24 18:16:39 ayush-ubuntu kernel: system 00:03: [mem 0xfec01000-0xfec01fff] could not be reserved
Jun 24 18:16:39 ayush-ubuntu kernel: system 00:03: [mem 0xfedc0000-0xfedc0fff] has been reserved
Jun 24 18:16:39 ayush-ubuntu kernel: system 00:03: [mem 0xfee00000-0xfee00fff] has been reserved
Jun 24 18:16:39 ayush-ubuntu kernel: system 00:03: [mem 0xfed80000-0xfed8ffff] could not be reserved
Jun 24 18:16:39 ayush-ubuntu kernel: system 00:03: [mem 0xfec10000-0xfec10fff] has been reserved
Jun 24 18:16:39 ayush-ubuntu kernel: system 00:03: [mem 0xff000000-0xffffffff] has been reserved
Jun 24 18:16:39 ayush-ubuntu kernel: pnp: PnP ACPI: found 4 devices
Jun 24 18:16:39 ayush-ubuntu kernel: clocksource: acpi_pm: mask: 0xffffff max_cycles: 0xffffff, max_idle_ns: 2085701024 ns
Jun 24 18:16:39 ayush-ubuntu kernel: NET: Registered PF_INET protocol family
Jun 24 18:16:39 ayush-ubuntu kernel: IP idents hash table entries: 131072 (order: 8, 1048576 bytes, linear)
Jun 24 18:16:39 ayush-ubuntu kernel: tcp_listen_portaddr_hash hash table entries: 4096 (order: 4, 65536 bytes, linear)
Jun 24 18:16:39 ayush-ubuntu kernel: Table-perturb hash table entries: 65536 (order: 6, 262144 bytes, linear)
Jun 24 18:16:39 ayush-ubuntu kernel: TCP established hash table entries: 65536 (order: 7, 524288 bytes, linear)
Jun 24 18:16:39 ayush-ubuntu kernel: TCP bind hash table entries: 65536 (order: 9, 2097152 bytes, linear)
Jun 24 18:16:39 ayush-ubuntu kernel: TCP: Hash tables configured (established 65536 bind 65536)
Jun 24 18:16:39 ayush-ubuntu kernel: MPTCP token hash table entries: 8192 (order: 5, 196608 bytes, linear)
Jun 24 18:16:39 ayush-ubuntu kernel: UDP hash table entries: 4096 (order: 5, 131072 bytes, linear)
Jun 24 18:16:39 ayush-ubuntu kernel: UDP-Lite hash table entries: 4096 (order: 5, 131072 bytes, linear)
Jun 24 18:16:39 ayush-ubuntu kernel: NET: Registered PF_UNIX/PF_LOCAL protocol family
Jun 24 18:16:39 ayush-ubuntu kernel: NET: Registered PF_XDP protocol family
Jun 24 18:16:39 ayush-ubuntu kernel: pci 0000:00:02.2: PCI bridge to [bus 01]
Jun 24 18:16:39 ayush-ubuntu kernel: pci 0000:00:02.2:   bridge window [io  0xf000-0xffff]
Jun 24 18:16:39 ayush-ubuntu kernel: pci 0000:00:02.2:   bridge window [mem 0xfcf00000-0xfcffffff]
Jun 24 18:16:39 ayush-ubuntu kernel: pci 0000:00:02.4: PCI bridge to [bus 02]
Jun 24 18:16:39 ayush-ubuntu kernel: pci 0000:00:02.4:   bridge window [mem 0xfce00000-0xfcefffff]
Jun 24 18:16:39 ayush-ubuntu kernel: pci 0000:00:08.1: PCI bridge to [bus 03]
Jun 24 18:16:39 ayush-ubuntu kernel: pci 0000:00:08.1:   bridge window [io  0xe000-0xefff]
Jun 24 18:16:39 ayush-ubuntu kernel: pci 0000:00:08.1:   bridge window [mem 0xfca00000-0xfcdfffff]
Jun 24 18:16:39 ayush-ubuntu kernel: pci 0000:00:08.1:   bridge window [mem 0xd0000000-0xe01fffff 64bit pref]
Jun 24 18:16:39 ayush-ubuntu kernel: pci_bus 0000:00: resource 4 [io  0x0000-0x03af window]
Jun 24 18:16:39 ayush-ubuntu kernel: pci_bus 0000:00: resource 5 [io  0x03e0-0x0cf7 window]
Jun 24 18:16:39 ayush-ubuntu kernel: pci_bus 0000:00: resource 6 [io  0x03b0-0x03df window]
Jun 24 18:16:39 ayush-ubuntu kernel: pci_bus 0000:00: resource 7 [io  0x0d00-0xffff window]
Jun 24 18:16:39 ayush-ubuntu kernel: pci_bus 0000:00: resource 8 [mem 0x000a0000-0x000dffff window]
Jun 24 18:16:39 ayush-ubuntu kernel: pci_bus 0000:00: resource 9 [mem 0xc0000000-0xfebfffff window]
Jun 24 18:16:39 ayush-ubuntu kernel: pci_bus 0000:00: resource 10 [mem 0xfee00000-0xffffffff window]
Jun 24 18:16:39 ayush-ubuntu kernel: pci_bus 0000:01: resource 0 [io  0xf000-0xffff]
Jun 24 18:16:39 ayush-ubuntu kernel: pci_bus 0000:01: resource 1 [mem 0xfcf00000-0xfcffffff]
Jun 24 18:16:39 ayush-ubuntu kernel: pci_bus 0000:02: resource 1 [mem 0xfce00000-0xfcefffff]
Jun 24 18:16:39 ayush-ubuntu kernel: pci_bus 0000:03: resource 0 [io  0xe000-0xefff]
Jun 24 18:16:39 ayush-ubuntu kernel: pci_bus 0000:03: resource 1 [mem 0xfca00000-0xfcdfffff]
Jun 24 18:16:39 ayush-ubuntu kernel: pci_bus 0000:03: resource 2 [mem 0xd0000000-0xe01fffff 64bit pref]
Jun 24 18:16:39 ayush-ubuntu kernel: pci 0000:03:00.1: D0 power state depends on 0000:03:00.0
Jun 24 18:16:39 ayush-ubuntu kernel: pci 0000:03:00.3: extending delay after power-on from D3hot to 20 msec
Jun 24 18:16:39 ayush-ubuntu kernel: pci 0000:03:00.4: extending delay after power-on from D3hot to 20 msec
Jun 24 18:16:39 ayush-ubuntu kernel: PCI: CLS 64 bytes, default 64
Jun 24 18:16:39 ayush-ubuntu kernel: pci 0000:00:00.2: AMD-Vi: IOMMU performance counters supported
Jun 24 18:16:39 ayush-ubuntu kernel: pci 0000:00:01.0: Adding to iommu group 0
Jun 24 18:16:39 ayush-ubuntu kernel: Trying to unpack rootfs image as initramfs...
Jun 24 18:16:39 ayush-ubuntu kernel: pci 0000:00:02.0: Adding to iommu group 1
Jun 24 18:16:39 ayush-ubuntu kernel: pci 0000:00:02.2: Adding to iommu group 2
Jun 24 18:16:39 ayush-ubuntu kernel: pci 0000:00:02.4: Adding to iommu group 3
Jun 24 18:16:39 ayush-ubuntu kernel: pci 0000:00:08.0: Adding to iommu group 4
Jun 24 18:16:39 ayush-ubuntu kernel: pci 0000:00:08.1: Adding to iommu group 5
Jun 24 18:16:39 ayush-ubuntu kernel: pci 0000:00:14.0: Adding to iommu group 6
Jun 24 18:16:39 ayush-ubuntu kernel: pci 0000:00:14.3: Adding to iommu group 6
Jun 24 18:16:39 ayush-ubuntu kernel: pci 0000:00:18.0: Adding to iommu group 7
Jun 24 18:16:39 ayush-ubuntu kernel: pci 0000:00:18.1: Adding to iommu group 7
Jun 24 18:16:39 ayush-ubuntu kernel: pci 0000:00:18.2: Adding to iommu group 7
Jun 24 18:16:39 ayush-ubuntu kernel: pci 0000:00:18.3: Adding to iommu group 7
Jun 24 18:16:39 ayush-ubuntu kernel: pci 0000:00:18.4: Adding to iommu group 7
Jun 24 18:16:39 ayush-ubuntu kernel: pci 0000:00:18.5: Adding to iommu group 7
Jun 24 18:16:39 ayush-ubuntu kernel: pci 0000:00:18.6: Adding to iommu group 7
Jun 24 18:16:39 ayush-ubuntu kernel: pci 0000:00:18.7: Adding to iommu group 7
Jun 24 18:16:39 ayush-ubuntu kernel: pci 0000:01:00.0: Adding to iommu group 8
Jun 24 18:16:39 ayush-ubuntu kernel: pci 0000:02:00.0: Adding to iommu group 9
Jun 24 18:16:39 ayush-ubuntu kernel: pci 0000:03:00.0: Adding to iommu group 10
Jun 24 18:16:39 ayush-ubuntu kernel: pci 0000:03:00.1: Adding to iommu group 11
Jun 24 18:16:39 ayush-ubuntu kernel: pci 0000:03:00.2: Adding to iommu group 12
Jun 24 18:16:39 ayush-ubuntu kernel: pci 0000:03:00.3: Adding to iommu group 13
Jun 24 18:16:39 ayush-ubuntu kernel: pci 0000:03:00.4: Adding to iommu group 14
Jun 24 18:16:39 ayush-ubuntu kernel: pci 0000:03:00.5: Adding to iommu group 15
Jun 24 18:16:39 ayush-ubuntu kernel: pci 0000:03:00.6: Adding to iommu group 16
Jun 24 18:16:39 ayush-ubuntu kernel: AMD-Vi: Extended features (0x206d73ef22254ade, 0x0): PPR X2APIC NX GT IA GA PC GA_vAPIC
Jun 24 18:16:39 ayush-ubuntu kernel: AMD-Vi: Interrupt remapping enabled
Jun 24 18:16:39 ayush-ubuntu kernel: AMD-Vi: X2APIC enabled
Jun 24 18:16:39 ayush-ubuntu kernel: AMD-Vi: Virtual APIC enabled
Jun 24 18:16:39 ayush-ubuntu kernel: PCI-DMA: Using software bounce buffering for IO (SWIOTLB)
Jun 24 18:16:39 ayush-ubuntu kernel: software IO TLB: mapped [mem 0x00000000ae229000-0x00000000b2229000] (64MB)
Jun 24 18:16:39 ayush-ubuntu kernel: LVT offset 0 assigned for vector 0x400
Jun 24 18:16:39 ayush-ubuntu kernel: perf: AMD IBS detected (0x000003ff)
Jun 24 18:16:39 ayush-ubuntu kernel: perf/amd_iommu: Detected AMD IOMMU #0 (2 banks, 4 counters/bank).
Jun 24 18:16:39 ayush-ubuntu kernel: Initialise system trusted keyrings
Jun 24 18:16:39 ayush-ubuntu kernel: Key type blacklist registered
Jun 24 18:16:39 ayush-ubuntu kernel: workingset: timestamp_bits=36 max_order=21 bucket_order=0
Jun 24 18:16:39 ayush-ubuntu kernel: zbud: loaded
Jun 24 18:16:39 ayush-ubuntu kernel: squashfs: version 4.0 (2009/01/31) Phillip Lougher
Jun 24 18:16:39 ayush-ubuntu kernel: fuse: init (API version 7.40)
Jun 24 18:16:39 ayush-ubuntu kernel: integrity: Platform Keyring initialized
Jun 24 18:16:39 ayush-ubuntu kernel: integrity: Machine keyring initialized
Jun 24 18:16:39 ayush-ubuntu kernel: Key type asymmetric registered
Jun 24 18:16:39 ayush-ubuntu kernel: Asymmetric key parser 'x509' registered
Jun 24 18:16:39 ayush-ubuntu kernel: Block layer SCSI generic (bsg) driver version 0.4 loaded (major 243)
Jun 24 18:16:39 ayush-ubuntu kernel: io scheduler mq-deadline registered
Jun 24 18:16:39 ayush-ubuntu kernel: pcieport 0000:00:02.2: PME: Signaling with IRQ 35
Jun 24 18:16:39 ayush-ubuntu kernel: pcieport 0000:00:02.4: PME: Signaling with IRQ 36
Jun 24 18:16:39 ayush-ubuntu kernel: pcieport 0000:00:08.1: PME: Signaling with IRQ 37
Jun 24 18:16:39 ayush-ubuntu kernel: shpchp: Standard Hot Plug PCI Controller Driver version: 0.4
Jun 24 18:16:39 ayush-ubuntu kernel: Freeing initrd memory: 70376K
Jun 24 18:16:39 ayush-ubuntu kernel: ACPI: AC: AC Adapter [ACAD] (off-line)
Jun 24 18:16:39 ayush-ubuntu kernel: input: Power Button as /devices/LNXSYSTM:00/LNXSYBUS:00/PNP0C0C:00/input/input0
Jun 24 18:16:39 ayush-ubuntu kernel: ACPI: button: Power Button [PWRB]
Jun 24 18:16:39 ayush-ubuntu kernel: input: Lid Switch as /devices/LNXSYSTM:00/LNXSYBUS:00/PNP0C0D:00/input/input1
Jun 24 18:16:39 ayush-ubuntu kernel: ACPI: button: Lid Switch [LID]
Jun 24 18:16:39 ayush-ubuntu kernel: Estimated ratio of average max frequency by base frequency (times 1024): 1501
Jun 24 18:16:39 ayush-ubuntu kernel: Monitor-Mwait will be used to enter C-1 state
Jun 24 18:16:39 ayush-ubuntu kernel: ACPI: \_SB_.PLTF.P000: Found 3 idle states
Jun 24 18:16:39 ayush-ubuntu kernel: ACPI: \_SB_.PLTF.P001: Found 3 idle states
Jun 24 18:16:39 ayush-ubuntu kernel: ACPI: \_SB_.PLTF.P002: Found 3 idle states
Jun 24 18:16:39 ayush-ubuntu kernel: ACPI: \_SB_.PLTF.P003: Found 3 idle states
Jun 24 18:16:39 ayush-ubuntu kernel: ACPI: \_SB_.PLTF.P004: Found 3 idle states
Jun 24 18:16:39 ayush-ubuntu kernel: ACPI: \_SB_.PLTF.P005: Found 3 idle states
Jun 24 18:16:39 ayush-ubuntu kernel: ACPI: \_SB_.PLTF.P006: Found 3 idle states
Jun 24 18:16:39 ayush-ubuntu kernel: ACPI: \_SB_.PLTF.P007: Found 3 idle states
Jun 24 18:16:39 ayush-ubuntu kernel: ACPI: \_SB_.PLTF.P008: Found 3 idle states
Jun 24 18:16:39 ayush-ubuntu kernel: ACPI: \_SB_.PLTF.P009: Found 3 idle states
Jun 24 18:16:39 ayush-ubuntu kernel: ACPI: \_SB_.PLTF.P00A: Found 3 idle states
Jun 24 18:16:39 ayush-ubuntu kernel: ACPI: \_SB_.PLTF.P00B: Found 3 idle states
Jun 24 18:16:39 ayush-ubuntu kernel: ACPI: thermal: [Firmware Bug]: Invalid critical threshold (-274000)
Jun 24 18:16:39 ayush-ubuntu kernel: thermal LNXTHERM:00: registered as thermal_zone0
Jun 24 18:16:39 ayush-ubuntu kernel: ACPI: thermal: Thermal Zone [THRM] (43 C)
Jun 24 18:16:39 ayush-ubuntu kernel: Serial: 8250/16550 driver, 32 ports, IRQ sharing enabled
Jun 24 18:16:39 ayush-ubuntu kernel: Linux agpgart interface v0.103
Jun 24 18:16:39 ayush-ubuntu kernel: tpm_crb MSFT0101:00: Disabling hwrng
Jun 24 18:16:39 ayush-ubuntu kernel: loop: module loaded
Jun 24 18:16:39 ayush-ubuntu kernel: ACPI: bus type drm_connector registered
Jun 24 18:16:39 ayush-ubuntu kernel: tun: Universal TUN/TAP device driver, 1.6
Jun 24 18:16:39 ayush-ubuntu kernel: PPP generic driver version 2.4.2
Jun 24 18:16:39 ayush-ubuntu kernel: i8042: PNP: PS/2 Controller [PNP0303:PS2K] at 0x60,0x64 irq 1
Jun 24 18:16:39 ayush-ubuntu kernel: i8042: PNP: PS/2 appears to have AUX port disabled, if this is incorrect please boot with i8042.nopnp
Jun 24 18:16:39 ayush-ubuntu kernel: serio: i8042 KBD port at 0x60,0x64 irq 1
Jun 24 18:16:39 ayush-ubuntu kernel: mousedev: PS/2 mouse device common for all mice
Jun 24 18:16:39 ayush-ubuntu kernel: rtc_cmos 00:01: RTC can wake from S4
Jun 24 18:16:39 ayush-ubuntu kernel: rtc_cmos 00:01: registered as rtc0
Jun 24 18:16:39 ayush-ubuntu kernel: rtc_cmos 00:01: setting system clock to 2025-06-24T12:46:38 UTC (1750769198)
Jun 24 18:16:39 ayush-ubuntu kernel: rtc_cmos 00:01: alarms up to one month, y3k, 114 bytes nvram
Jun 24 18:16:39 ayush-ubuntu kernel: i2c_dev: i2c /dev entries driver
Jun 24 18:16:39 ayush-ubuntu kernel: device-mapper: core: CONFIG_IMA_DISABLE_HTABLE is disabled. Duplicate IMA measurements will not be recorded in the IMA log.
Jun 24 18:16:39 ayush-ubuntu kernel: device-mapper: uevent: version 1.0.3
Jun 24 18:16:39 ayush-ubuntu kernel: device-mapper: ioctl: 4.48.0-ioctl (2023-03-01) initialised: dm-devel@lists.linux.dev
Jun 24 18:16:39 ayush-ubuntu kernel: platform eisa.0: Probing EISA bus 0
Jun 24 18:16:39 ayush-ubuntu kernel: platform eisa.0: EISA: Cannot allocate resource for mainboard
Jun 24 18:16:39 ayush-ubuntu kernel: platform eisa.0: Cannot allocate resource for EISA slot 1
Jun 24 18:16:39 ayush-ubuntu kernel: platform eisa.0: Cannot allocate resource for EISA slot 2
Jun 24 18:16:39 ayush-ubuntu kernel: platform eisa.0: Cannot allocate resource for EISA slot 3
Jun 24 18:16:39 ayush-ubuntu kernel: platform eisa.0: Cannot allocate resource for EISA slot 4
Jun 24 18:16:39 ayush-ubuntu kernel: platform eisa.0: Cannot allocate resource for EISA slot 5
Jun 24 18:16:39 ayush-ubuntu kernel: platform eisa.0: Cannot allocate resource for EISA slot 6
Jun 24 18:16:39 ayush-ubuntu kernel: platform eisa.0: Cannot allocate resource for EISA slot 7
Jun 24 18:16:39 ayush-ubuntu kernel: platform eisa.0: Cannot allocate resource for EISA slot 8
Jun 24 18:16:39 ayush-ubuntu kernel: platform eisa.0: EISA: Detected 0 cards
Jun 24 18:16:39 ayush-ubuntu kernel: ledtrig-cpu: registered to indicate activity on CPUs
Jun 24 18:16:39 ayush-ubuntu kernel: [drm] Initialized simpledrm 1.0.0 for simple-framebuffer.0 on minor 0
Jun 24 18:16:39 ayush-ubuntu kernel: fbcon: Deferring console take-over
Jun 24 18:16:39 ayush-ubuntu kernel: simple-framebuffer simple-framebuffer.0: [drm] fb0: simpledrmdrmfb frame buffer device
Jun 24 18:16:39 ayush-ubuntu kernel: drop_monitor: Initializing network drop monitor service
Jun 24 18:16:39 ayush-ubuntu kernel: NET: Registered PF_INET6 protocol family
Jun 24 18:16:39 ayush-ubuntu kernel: Segment Routing with IPv6
Jun 24 18:16:39 ayush-ubuntu kernel: In-situ OAM (IOAM) with IPv6
Jun 24 18:16:39 ayush-ubuntu kernel: NET: Registered PF_PACKET protocol family
Jun 24 18:16:39 ayush-ubuntu kernel: Key type dns_resolver registered
Jun 24 18:16:39 ayush-ubuntu kernel: microcode: Current revision: 0x08608108
Jun 24 18:16:39 ayush-ubuntu kernel: microcode: Updated early from: 0x08608107
Jun 24 18:16:39 ayush-ubuntu kernel: resctrl: L3 allocation detected
Jun 24 18:16:39 ayush-ubuntu kernel: resctrl: MB allocation detected
Jun 24 18:16:39 ayush-ubuntu kernel: resctrl: L3 monitoring detected
Jun 24 18:16:39 ayush-ubuntu kernel: IPI shorthand broadcast: enabled
Jun 24 18:16:39 ayush-ubuntu kernel: sched_clock: Marking stable (644353161, 1391004)->(659744511, -14000346)
Jun 24 18:16:39 ayush-ubuntu kernel: registered taskstats version 1
Jun 24 18:16:39 ayush-ubuntu kernel: Loading compiled-in X.509 certificates
Jun 24 18:16:39 ayush-ubuntu kernel: Loaded X.509 cert 'Build time autogenerated kernel key: d5b7f82f2b089ba990f3a99cf963381428aacf3b'
Jun 24 18:16:39 ayush-ubuntu kernel: Loaded X.509 cert 'Canonical Ltd. Live Patch Signing: 14df34d1a87cf37625abec039ef2bf521249b969'
Jun 24 18:16:39 ayush-ubuntu kernel: Loaded X.509 cert 'Canonical Ltd. Kernel Module Signing: 88f752e560a1e0737e31163a466ad7b70a850c19'
Jun 24 18:16:39 ayush-ubuntu kernel: blacklist: Loading compiled-in revocation X.509 certificates
Jun 24 18:16:39 ayush-ubuntu kernel: Loaded X.509 cert 'Canonical Ltd. Secure Boot Signing: 61482aa2830d0ab2ad5af10b7250da9033ddcef0'
Jun 24 18:16:39 ayush-ubuntu kernel: Loaded X.509 cert 'Canonical Ltd. Secure Boot Signing (2017): 242ade75ac4a15e50d50c84b0d45ff3eae707a03'
Jun 24 18:16:39 ayush-ubuntu kernel: Loaded X.509 cert 'Canonical Ltd. Secure Boot Signing (ESM 2018): 365188c1d374d6b07c3c8f240f8ef722433d6a8b'
Jun 24 18:16:39 ayush-ubuntu kernel: Loaded X.509 cert 'Canonical Ltd. Secure Boot Signing (2019): c0746fd6c5da3ae827864651ad66ae47fe24b3e8'
Jun 24 18:16:39 ayush-ubuntu kernel: Loaded X.509 cert 'Canonical Ltd. Secure Boot Signing (2021 v1): a8d54bbb3825cfb94fa13c9f8a594a195c107b8d'
Jun 24 18:16:39 ayush-ubuntu kernel: Loaded X.509 cert 'Canonical Ltd. Secure Boot Signing (2021 v2): 4cf046892d6fd3c9a5b03f98d845f90851dc6a8c'
Jun 24 18:16:39 ayush-ubuntu kernel: Loaded X.509 cert 'Canonical Ltd. Secure Boot Signing (2021 v3): 100437bb6de6e469b581e61cd66bce3ef4ed53af'
Jun 24 18:16:39 ayush-ubuntu kernel: Loaded X.509 cert 'Canonical Ltd. Secure Boot Signing (Ubuntu Core 2019): c1d57b8f6b743f23ee41f4f7ee292f06eecadfb9'
Jun 24 18:16:39 ayush-ubuntu kernel: Demotion targets for Node 0: null
Jun 24 18:16:39 ayush-ubuntu kernel: Key type .fscrypt registered
Jun 24 18:16:39 ayush-ubuntu kernel: Key type fscrypt-provisioning registered
Jun 24 18:16:39 ayush-ubuntu kernel: Key type trusted registered
Jun 24 18:16:39 ayush-ubuntu kernel: Key type encrypted registered
Jun 24 18:16:39 ayush-ubuntu kernel: AppArmor: AppArmor sha256 policy hashing enabled
Jun 24 18:16:39 ayush-ubuntu kernel: integrity: Loading X.509 certificate: UEFI:db
Jun 24 18:16:39 ayush-ubuntu kernel: integrity: Loaded X.509 cert 'HP Inc.: HP UEFI Secure Boot DB 2017: d9c01b50cfcae89d3b05345c163aa76e5dd589e7'
Jun 24 18:16:39 ayush-ubuntu kernel: integrity: Loading X.509 certificate: UEFI:db
Jun 24 18:16:39 ayush-ubuntu kernel: integrity: Loaded X.509 cert 'Microsoft Windows Production PCA 2011: a92902398e16c49778cd90f99e4f9ae17c55af53'
Jun 24 18:16:39 ayush-ubuntu kernel: integrity: Loading X.509 certificate: UEFI:db
Jun 24 18:16:39 ayush-ubuntu kernel: integrity: Loaded X.509 cert 'Microsoft Corporation UEFI CA 2011: 13adbf4309bd82709c8cd54f316ed522988a1bd4'
Jun 24 18:16:39 ayush-ubuntu kernel: integrity: Revoking X.509 certificate: UEFI:dbx
Jun 24 18:16:39 ayush-ubuntu kernel: blacklist: Revoked X.509 cert 'Canonical Ltd. Secure Boot Signing: 61482aa2830d0ab2ad5af10b7250da9033ddcef0'
Jun 24 18:16:39 ayush-ubuntu kernel: integrity: Revoking X.509 certificate: UEFI:dbx
Jun 24 18:16:39 ayush-ubuntu kernel: blacklist: Revoked X.509 cert 'Debian Secure Boot Signer: 00a7468def'
Jun 24 18:16:39 ayush-ubuntu kernel: blacklist: Duplicate blacklisted hash bin:47ff1b63b140b6fc04ed79131331e651da5b2e2f170f5daef4153dc2fbc532b1
Jun 24 18:16:39 ayush-ubuntu kernel: blacklist: Duplicate blacklisted hash bin:5391c3a2fb112102a6aa1edc25ae77e19f5d6f09cd09eeb2509922bfcd5992ea
Jun 24 18:16:39 ayush-ubuntu kernel: blacklist: Duplicate blacklisted hash bin:80b4d96931bf0d02fd91a61e19d14f1da452e66db2408ca8604d411f92659f0a
Jun 24 18:16:39 ayush-ubuntu kernel: blacklist: Duplicate blacklisted hash bin:992d359aa7a5f789d268b94c11b9485a6b1ce64362b0edb4441ccc187c39647b
Jun 24 18:16:39 ayush-ubuntu kernel: blacklist: Duplicate blacklisted hash bin:c452ab846073df5ace25cca64d6b7a09d906308a1a65eb5240e3c4ebcaa9cc0c
Jun 24 18:16:39 ayush-ubuntu kernel: blacklist: Duplicate blacklisted hash bin:e051b788ecbaeda53046c70e6af6058f95222c046157b8c4c1b9c2cfc65f46e5
Jun 24 18:16:39 ayush-ubuntu kernel: integrity: Loading X.509 certificate: UEFI:MokListRT (MOKvar table)
Jun 24 18:16:39 ayush-ubuntu kernel: integrity: Loaded X.509 cert 'Canonical Ltd. Master Certificate Authority: ad91990bc22ab1f517048c23b6655a268e345a63'
Jun 24 18:16:39 ayush-ubuntu kernel: Loading compiled-in module X.509 certificates
Jun 24 18:16:39 ayush-ubuntu kernel: Loaded X.509 cert 'Build time autogenerated kernel key: d5b7f82f2b089ba990f3a99cf963381428aacf3b'
Jun 24 18:16:39 ayush-ubuntu kernel: ima: Allocated hash algorithm: sha256
Jun 24 18:16:39 ayush-ubuntu kernel: input: AT Translated Set 2 keyboard as /devices/platform/i8042/serio0/input/input2
Jun 24 18:16:39 ayush-ubuntu kernel: audit: type=1807 audit(1750769198.602:2): action=measure func=KEXEC_KERNEL_CHECK res=1
Jun 24 18:16:39 ayush-ubuntu kernel: audit: type=1807 audit(1750769198.602:3): action=measure func=MODULE_CHECK res=1
Jun 24 18:16:39 ayush-ubuntu kernel: evm: Initialising EVM extended attributes:
Jun 24 18:16:39 ayush-ubuntu kernel: evm: security.selinux
Jun 24 18:16:39 ayush-ubuntu kernel: evm: security.SMACK64
Jun 24 18:16:39 ayush-ubuntu kernel: evm: security.SMACK64EXEC
Jun 24 18:16:39 ayush-ubuntu kernel: evm: security.SMACK64TRANSMUTE
Jun 24 18:16:39 ayush-ubuntu kernel: evm: security.SMACK64MMAP
Jun 24 18:16:39 ayush-ubuntu kernel: evm: security.apparmor
Jun 24 18:16:39 ayush-ubuntu kernel: evm: security.ima
Jun 24 18:16:39 ayush-ubuntu kernel: evm: security.capability
Jun 24 18:16:39 ayush-ubuntu kernel: evm: HMAC attrs: 0x1
Jun 24 18:16:39 ayush-ubuntu kernel: PM:   Magic number: 13:312:785
Jun 24 18:16:39 ayush-ubuntu kernel: RAS: Correctable Errors collector initialized.
Jun 24 18:16:39 ayush-ubuntu kernel: Lockdown: swapper/0: hibernation is restricted; see man kernel_lockdown.7
Jun 24 18:16:39 ayush-ubuntu kernel: clk: Disabling unused clocks
Jun 24 18:16:39 ayush-ubuntu kernel: PM: genpd: Disabling unused power domains
Jun 24 18:16:39 ayush-ubuntu kernel: ACPI: battery: Slot [BAT0] (battery present)
Jun 24 18:16:39 ayush-ubuntu kernel: Freeing unused decrypted memory: 2028K
Jun 24 18:16:39 ayush-ubuntu kernel: Freeing unused kernel image (initmem) memory: 5104K
Jun 24 18:16:39 ayush-ubuntu kernel: Write protecting the kernel read-only data: 38912k
Jun 24 18:16:39 ayush-ubuntu kernel: Freeing unused kernel image (rodata/data gap) memory: 1456K
Jun 24 18:16:39 ayush-ubuntu kernel: x86/mm: Checked W+X mappings: passed, no W+X pages found.
Jun 24 18:16:39 ayush-ubuntu kernel: Run /init as init process
Jun 24 18:16:39 ayush-ubuntu kernel:   with arguments:
Jun 24 18:16:39 ayush-ubuntu kernel:     /init
Jun 24 18:16:39 ayush-ubuntu kernel:     splash
Jun 24 18:16:39 ayush-ubuntu kernel:   with environment:
Jun 24 18:16:39 ayush-ubuntu kernel:     HOME=/
Jun 24 18:16:39 ayush-ubuntu kernel:     TERM=linux
Jun 24 18:16:39 ayush-ubuntu kernel:     BOOT_IMAGE=/boot/vmlinuz-6.11.0-26-generic
Jun 24 18:16:39 ayush-ubuntu kernel: hid: raw HID events driver (C) Jiri Kosina
Jun 24 18:16:39 ayush-ubuntu kernel: wmi_bus wmi_bus-PNP0C14:00: [Firmware Info]: 8F1F6436-9F42-42C8-BADC-0E9424F20C9A has zero instances
Jun 24 18:16:39 ayush-ubuntu kernel: wmi_bus wmi_bus-PNP0C14:00: [Firmware Info]: 8F1F6435-9F42-42C8-BADC-0E9424F20C9A has zero instances
Jun 24 18:16:39 ayush-ubuntu kernel: wmi_bus wmi_bus-PNP0C14:00: [Firmware Info]: 7391A661-223A-47DB-A77A-7BE84C60822D has zero instances
Jun 24 18:16:39 ayush-ubuntu kernel: wmi_bus wmi_bus-PNP0C14:00: [Firmware Info]: DF4E63B6-3BBC-4858-9737-C74F82F821F3 has zero instances
Jun 24 18:16:39 ayush-ubuntu kernel: ACPI: video: Video Device [VGA] (multi-head: yes  rom: no  post: no)
Jun 24 18:16:39 ayush-ubuntu kernel: input: Video Bus as /devices/LNXSYSTM:00/LNXSYBUS:00/PNP0A08:00/device:0b/LNXVIDEO:00/input/input3
Jun 24 18:16:39 ayush-ubuntu kernel: input: ELAN071A:00 04F3:30FD Mouse as /devices/platform/AMDI0010:03/i2c-1/i2c-ELAN071A:00/0018:04F3:30FD.0001/input/input4
Jun 24 18:16:39 ayush-ubuntu kernel: input: ELAN071A:00 04F3:30FD Touchpad as /devices/platform/AMDI0010:03/i2c-1/i2c-ELAN071A:00/0018:04F3:30FD.0001/input/input6
Jun 24 18:16:39 ayush-ubuntu kernel: hid-generic 0018:04F3:30FD.0001: input,hidraw0: I2C HID v1.00 Mouse [ELAN071A:00 04F3:30FD] on i2c-ELAN071A:00
Jun 24 18:16:39 ayush-ubuntu kernel: xhci_hcd 0000:03:00.3: xHCI Host Controller
Jun 24 18:16:39 ayush-ubuntu kernel: xhci_hcd 0000:03:00.3: new USB bus registered, assigned bus number 1
Jun 24 18:16:39 ayush-ubuntu kernel: xhci_hcd 0000:03:00.3: hcc params 0x0268ffe5 hci version 0x110 quirks 0x0000020000000010
Jun 24 18:16:39 ayush-ubuntu kernel: xhci_hcd 0000:03:00.3: xHCI Host Controller
Jun 24 18:16:39 ayush-ubuntu kernel: xhci_hcd 0000:03:00.3: new USB bus registered, assigned bus number 2
Jun 24 18:16:39 ayush-ubuntu kernel: xhci_hcd 0000:03:00.3: Host supports USB 3.1 Enhanced SuperSpeed
Jun 24 18:16:39 ayush-ubuntu kernel: usb usb1: New USB device found, idVendor=1d6b, idProduct=0002, bcdDevice= 6.11
Jun 24 18:16:39 ayush-ubuntu kernel: usb usb1: New USB device strings: Mfr=3, Product=2, SerialNumber=1
Jun 24 18:16:39 ayush-ubuntu kernel: usb usb1: Product: xHCI Host Controller
Jun 24 18:16:39 ayush-ubuntu kernel: usb usb1: Manufacturer: Linux 6.11.0-26-generic xhci-hcd
Jun 24 18:16:39 ayush-ubuntu kernel: usb usb1: SerialNumber: 0000:03:00.3
Jun 24 18:16:39 ayush-ubuntu kernel: hub 1-0:1.0: USB hub found
Jun 24 18:16:39 ayush-ubuntu kernel: hub 1-0:1.0: 4 ports detected
Jun 24 18:16:39 ayush-ubuntu kernel: usb usb2: We don't know the algorithms for LPM for this host, disabling LPM.
Jun 24 18:16:39 ayush-ubuntu kernel: usb usb2: New USB device found, idVendor=1d6b, idProduct=0003, bcdDevice= 6.11
Jun 24 18:16:39 ayush-ubuntu kernel: usb usb2: New USB device strings: Mfr=3, Product=2, SerialNumber=1
Jun 24 18:16:39 ayush-ubuntu kernel: usb usb2: Product: xHCI Host Controller
Jun 24 18:16:39 ayush-ubuntu kernel: usb usb2: Manufacturer: Linux 6.11.0-26-generic xhci-hcd
Jun 24 18:16:39 ayush-ubuntu kernel: usb usb2: SerialNumber: 0000:03:00.3
Jun 24 18:16:39 ayush-ubuntu kernel: hub 2-0:1.0: USB hub found
Jun 24 18:16:39 ayush-ubuntu kernel: hub 2-0:1.0: 2 ports detected
Jun 24 18:16:39 ayush-ubuntu kernel: xhci_hcd 0000:03:00.4: xHCI Host Controller
Jun 24 18:16:39 ayush-ubuntu kernel: xhci_hcd 0000:03:00.4: new USB bus registered, assigned bus number 3
Jun 24 18:16:39 ayush-ubuntu kernel: xhci_hcd 0000:03:00.4: hcc params 0x0268ffe5 hci version 0x110 quirks 0x0000020000000010
Jun 24 18:16:39 ayush-ubuntu kernel: xhci_hcd 0000:03:00.4: xHCI Host Controller
Jun 24 18:16:39 ayush-ubuntu kernel: xhci_hcd 0000:03:00.4: new USB bus registered, assigned bus number 4
Jun 24 18:16:39 ayush-ubuntu kernel: xhci_hcd 0000:03:00.4: Host supports USB 3.1 Enhanced SuperSpeed
Jun 24 18:16:39 ayush-ubuntu kernel: usb usb3: New USB device found, idVendor=1d6b, idProduct=0002, bcdDevice= 6.11
Jun 24 18:16:39 ayush-ubuntu kernel: usb usb3: New USB device strings: Mfr=3, Product=2, SerialNumber=1
Jun 24 18:16:39 ayush-ubuntu kernel: usb usb3: Product: xHCI Host Controller
Jun 24 18:16:39 ayush-ubuntu kernel: usb usb3: Manufacturer: Linux 6.11.0-26-generic xhci-hcd
Jun 24 18:16:39 ayush-ubuntu kernel: usb usb3: SerialNumber: 0000:03:00.4
Jun 24 18:16:39 ayush-ubuntu kernel: hub 3-0:1.0: USB hub found
Jun 24 18:16:39 ayush-ubuntu kernel: hub 3-0:1.0: 4 ports detected
Jun 24 18:16:39 ayush-ubuntu kernel: usb usb4: We don't know the algorithms for LPM for this host, disabling LPM.
Jun 24 18:16:39 ayush-ubuntu kernel: usb usb4: New USB device found, idVendor=1d6b, idProduct=0003, bcdDevice= 6.11
Jun 24 18:16:39 ayush-ubuntu kernel: usb usb4: New USB device strings: Mfr=3, Product=2, SerialNumber=1
Jun 24 18:16:39 ayush-ubuntu kernel: usb usb4: Product: xHCI Host Controller
Jun 24 18:16:39 ayush-ubuntu kernel: usb usb4: Manufacturer: Linux 6.11.0-26-generic xhci-hcd
Jun 24 18:16:39 ayush-ubuntu kernel: usb usb4: SerialNumber: 0000:03:00.4
Jun 24 18:16:39 ayush-ubuntu kernel: hub 4-0:1.0: USB hub found
Jun 24 18:16:39 ayush-ubuntu kernel: hub 4-0:1.0: 2 ports detected
Jun 24 18:16:39 ayush-ubuntu kernel: nvme 0000:02:00.0: platform quirk: setting simple suspend
Jun 24 18:16:39 ayush-ubuntu kernel: nvme nvme0: pci function 0000:02:00.0
Jun 24 18:16:39 ayush-ubuntu kernel: input: ELAN071A:00 04F3:30FD Mouse as /devices/platform/AMDI0010:03/i2c-1/i2c-ELAN071A:00/0018:04F3:30FD.0001/input/input7
Jun 24 18:16:39 ayush-ubuntu kernel: input: ELAN071A:00 04F3:30FD Touchpad as /devices/platform/AMDI0010:03/i2c-1/i2c-ELAN071A:00/0018:04F3:30FD.0001/input/input9
Jun 24 18:16:39 ayush-ubuntu kernel: hid-multitouch 0018:04F3:30FD.0001: input,hidraw0: I2C HID v1.00 Mouse [ELAN071A:00 04F3:30FD] on i2c-ELAN071A:00
Jun 24 18:16:39 ayush-ubuntu kernel: nvme nvme0: 12/0/0 default/read/poll queues
Jun 24 18:16:39 ayush-ubuntu kernel: nvme nvme0: Ignoring bogus Namespace Identifiers
Jun 24 18:16:39 ayush-ubuntu kernel:  nvme0n1: p1 p2 p3 p4 p5
Jun 24 18:16:39 ayush-ubuntu kernel: usb 1-3: new high-speed USB device number 2 using xhci_hcd
Jun 24 18:16:39 ayush-ubuntu kernel: EXT4-fs (nvme0n1p4): mounted filesystem 4947db02-b9a6-4ed2-83a9-4c7d9ea23b2e ro with ordered data mode. Quota mode: none.
Jun 24 18:16:39 ayush-ubuntu systemd[1]: Inserted module 'autofs4'
Jun 24 18:16:39 ayush-ubuntu kernel: usb 1-3: New USB device found, idVendor=30c9, idProduct=0013, bcdDevice= 0.01
Jun 24 18:16:39 ayush-ubuntu kernel: usb 1-3: New USB device strings: Mfr=3, Product=1, SerialNumber=2
Jun 24 18:16:39 ayush-ubuntu kernel: usb 1-3: Product: HP TrueVision HD Camera
Jun 24 18:16:39 ayush-ubuntu kernel: usb 1-3: Manufacturer: DJKCVA1BIHQSFF
Jun 24 18:16:39 ayush-ubuntu kernel: usb 1-3: SerialNumber: 0001
Jun 24 18:16:39 ayush-ubuntu kernel: tsc: Refined TSC clocksource calibration: 2096.061 MHz
Jun 24 18:16:39 ayush-ubuntu kernel: clocksource: tsc: mask: 0xffffffffffffffff max_cycles: 0x1e36a769ed4, max_idle_ns: 440795206585 ns
Jun 24 18:16:39 ayush-ubuntu kernel: clocksource: Switched to clocksource tsc
Jun 24 18:16:39 ayush-ubuntu systemd[1]: systemd 255.4-1ubuntu8.8 running in system mode (+PAM +AUDIT +SELINUX +APPARMOR +IMA +SMACK +SECCOMP +GCRYPT -GNUTLS +OPENSSL +ACL +BLKID +CURL +ELFUTILS +FIDO2 +IDN2 -IDN +IPTC +KMOD +LIBCRYPTSETUP +LIBFDISK +PCRE2 -PWQUALITY +P11KIT +QRENCODE +TPM2 +BZIP2 +LZ4 +XZ +ZLIB +ZSTD -BPF_FRAMEWORK -XKBCOMMON +UTMP +SYSVINIT default-hierarchy=unified)
Jun 24 18:16:39 ayush-ubuntu systemd[1]: Detected architecture x86-64.
Jun 24 18:16:39 ayush-ubuntu systemd[1]: Hostname set to <ayush-ubuntu>.
Jun 24 18:16:39 ayush-ubuntu kernel: usb 1-4: new full-speed USB device number 3 using xhci_hcd
Jun 24 18:16:39 ayush-ubuntu systemd[1]: Queued start job for default target graphical.target.
Jun 24 18:16:39 ayush-ubuntu systemd[1]: Created slice system-modprobe.slice - Slice /system/modprobe.
Jun 24 18:16:39 ayush-ubuntu systemd[1]: Created slice system-postgresql.slice - Slice /system/postgresql.
Jun 24 18:16:39 ayush-ubuntu systemd[1]: Created slice system-systemd\x2dfsck.slice - Slice /system/systemd-fsck.
Jun 24 18:16:39 ayush-ubuntu systemd[1]: Created slice user.slice - User and Session Slice.
Jun 24 18:16:39 ayush-ubuntu systemd[1]: Started systemd-ask-password-wall.path - Forward Password Requests to Wall Directory Watch.
Jun 24 18:16:39 ayush-ubuntu systemd[1]: Set up automount proc-sys-fs-binfmt_misc.automount - Arbitrary Executable File Formats File System Automount Point.
Jun 24 18:16:39 ayush-ubuntu systemd[1]: Expecting device dev-disk-by\x2duuid-12B5\x2d4DD1.device - /dev/disk/by-uuid/12B5-4DD1...
Jun 24 18:16:39 ayush-ubuntu systemd[1]: Reached target integritysetup.target - Local Integrity Protected Volumes.
Jun 24 18:16:39 ayush-ubuntu systemd[1]: Reached target remote-fs.target - Remote File Systems.
Jun 24 18:16:39 ayush-ubuntu systemd[1]: Reached target slices.target - Slice Units.
Jun 24 18:16:39 ayush-ubuntu systemd[1]: Reached target snapd.mounts-pre.target - Mounting snaps.
Jun 24 18:16:39 ayush-ubuntu systemd[1]: Reached target veritysetup.target - Local Verity Protected Volumes.
Jun 24 18:16:39 ayush-ubuntu systemd[1]: Listening on syslog.socket - Syslog Socket.
Jun 24 18:16:39 ayush-ubuntu systemd[1]: Listening on systemd-fsckd.socket - fsck to fsckd communication Socket.
Jun 24 18:16:39 ayush-ubuntu systemd[1]: Listening on systemd-initctl.socket - initctl Compatibility Named Pipe.
Jun 24 18:16:39 ayush-ubuntu systemd[1]: Listening on systemd-journald-dev-log.socket - Journal Socket (/dev/log).
Jun 24 18:16:39 ayush-ubuntu systemd[1]: Listening on systemd-journald.socket - Journal Socket.
Jun 24 18:16:39 ayush-ubuntu systemd[1]: Listening on systemd-oomd.socket - Userspace Out-Of-Memory (OOM) Killer Socket.
Jun 24 18:16:39 ayush-ubuntu systemd[1]: systemd-pcrextend.socket - TPM2 PCR Extension (Varlink) was skipped because of an unmet condition check (ConditionSecurity=measured-uki).
Jun 24 18:16:39 ayush-ubuntu systemd[1]: Listening on systemd-udevd-control.socket - udev Control Socket.
Jun 24 18:16:39 ayush-ubuntu systemd[1]: Listening on systemd-udevd-kernel.socket - udev Kernel Socket.
Jun 24 18:16:39 ayush-ubuntu systemd[1]: Mounting dev-hugepages.mount - Huge Pages File System...
Jun 24 18:16:39 ayush-ubuntu systemd[1]: Mounting dev-mqueue.mount - POSIX Message Queue File System...
Jun 24 18:16:39 ayush-ubuntu systemd[1]: Mounting sys-kernel-debug.mount - Kernel Debug File System...
Jun 24 18:16:39 ayush-ubuntu systemd[1]: Mounting sys-kernel-tracing.mount - Kernel Trace File System...
Jun 24 18:16:39 ayush-ubuntu systemd[1]: Starting systemd-journald.service - Journal Service...
Jun 24 18:16:39 ayush-ubuntu systemd[1]: Starting keyboard-setup.service - Set the console keyboard layout...
Jun 24 18:16:39 ayush-ubuntu systemd[1]: Starting kmod-static-nodes.service - Create List of Static Device Nodes...
Jun 24 18:16:39 ayush-ubuntu systemd[1]: Starting modprobe@configfs.service - Load Kernel Module configfs...
Jun 24 18:16:39 ayush-ubuntu systemd[1]: Starting modprobe@dm_mod.service - Load Kernel Module dm_mod...
Jun 24 18:16:39 ayush-ubuntu systemd[1]: Starting modprobe@drm.service - Load Kernel Module drm...
Jun 24 18:16:39 ayush-ubuntu systemd[1]: Starting modprobe@efi_pstore.service - Load Kernel Module efi_pstore...
Jun 24 18:16:39 ayush-ubuntu systemd[1]: Starting modprobe@fuse.service - Load Kernel Module fuse...
Jun 24 18:16:39 ayush-ubuntu systemd[1]: Starting modprobe@loop.service - Load Kernel Module loop...
Jun 24 18:16:39 ayush-ubuntu systemd[1]: systemd-fsck-root.service - File System Check on Root Device was skipped because of an unmet condition check (ConditionPathExists=!/run/initramfs/fsck-root).
Jun 24 18:16:39 ayush-ubuntu systemd[1]: Starting systemd-modules-load.service - Load Kernel Modules...
Jun 24 18:16:39 ayush-ubuntu systemd[1]: systemd-pcrmachine.service - TPM2 PCR Machine ID Measurement was skipped because of an unmet condition check (ConditionSecurity=measured-uki).
Jun 24 18:16:39 ayush-ubuntu kernel: usb 1-4: New USB device found, idVendor=0bda, idProduct=b00c, bcdDevice= 0.00
Jun 24 18:16:39 ayush-ubuntu kernel: usb 1-4: New USB device strings: Mfr=1, Product=2, SerialNumber=3
Jun 24 18:16:39 ayush-ubuntu kernel: usb 1-4: Product: Bluetooth Radio
Jun 24 18:16:39 ayush-ubuntu kernel: usb 1-4: Manufacturer: Realtek
Jun 24 18:16:39 ayush-ubuntu kernel: usb 1-4: SerialNumber: 00e04c000001
Jun 24 18:16:39 ayush-ubuntu systemd[1]: Starting systemd-remount-fs.service - Remount Root and Kernel File Systems...
Jun 24 18:16:39 ayush-ubuntu systemd[1]: systemd-tpm2-setup-early.service - TPM2 SRK Setup (Early) was skipped because of an unmet condition check (ConditionSecurity=measured-uki).
Jun 24 18:16:39 ayush-ubuntu systemd[1]: Starting systemd-udev-trigger.service - Coldplug All udev Devices...
Jun 24 18:16:39 ayush-ubuntu systemd-journald[375]: Collecting audit messages is disabled.
Jun 24 18:16:39 ayush-ubuntu kernel: pstore: Using crash dump compression: deflate
Jun 24 18:16:39 ayush-ubuntu systemd[1]: Mounted dev-hugepages.mount - Huge Pages File System.
Jun 24 18:16:39 ayush-ubuntu systemd[1]: Mounted dev-mqueue.mount - POSIX Message Queue File System.
Jun 24 18:16:39 ayush-ubuntu systemd[1]: Mounted sys-kernel-debug.mount - Kernel Debug File System.
Jun 24 18:16:39 ayush-ubuntu systemd[1]: Mounted sys-kernel-tracing.mount - Kernel Trace File System.
Jun 24 18:16:39 ayush-ubuntu systemd[1]: Finished kmod-static-nodes.service - Create List of Static Device Nodes.
Jun 24 18:16:39 ayush-ubuntu systemd[1]: modprobe@configfs.service: Deactivated successfully.
Jun 24 18:16:39 ayush-ubuntu systemd[1]: Finished modprobe@configfs.service - Load Kernel Module configfs.
Jun 24 18:16:39 ayush-ubuntu kernel: pstore: Registered efi_pstore as persistent store backend
Jun 24 18:16:39 ayush-ubuntu systemd[1]: modprobe@dm_mod.service: Deactivated successfully.
Jun 24 18:16:39 ayush-ubuntu systemd[1]: Finished modprobe@dm_mod.service - Load Kernel Module dm_mod.
Jun 24 18:16:39 ayush-ubuntu systemd[1]: modprobe@drm.service: Deactivated successfully.
Jun 24 18:16:39 ayush-ubuntu systemd[1]: Finished modprobe@drm.service - Load Kernel Module drm.
Jun 24 18:16:39 ayush-ubuntu systemd[1]: modprobe@efi_pstore.service: Deactivated successfully.
Jun 24 18:16:39 ayush-ubuntu systemd[1]: Finished modprobe@efi_pstore.service - Load Kernel Module efi_pstore.
Jun 24 18:16:39 ayush-ubuntu systemd[1]: modprobe@fuse.service: Deactivated successfully.
Jun 24 18:16:39 ayush-ubuntu systemd[1]: Finished modprobe@fuse.service - Load Kernel Module fuse.
Jun 24 18:16:39 ayush-ubuntu systemd[1]: modprobe@loop.service: Deactivated successfully.
Jun 24 18:16:39 ayush-ubuntu systemd[1]: Finished modprobe@loop.service - Load Kernel Module loop.
Jun 24 18:16:39 ayush-ubuntu systemd[1]: Mounting sys-fs-fuse-connections.mount - FUSE Control File System...
Jun 24 18:16:39 ayush-ubuntu systemd[1]: Mounting sys-kernel-config.mount - Kernel Configuration File System...
Jun 24 18:16:39 ayush-ubuntu systemd[1]: systemd-repart.service - Repartition Root Disk was skipped because no trigger condition checks were met.
Jun 24 18:16:39 ayush-ubuntu systemd[1]: Starting systemd-tmpfiles-setup-dev-early.service - Create Static Device Nodes in /dev gracefully...
Jun 24 18:16:39 ayush-ubuntu systemd[1]: Mounted sys-fs-fuse-connections.mount - FUSE Control File System.
Jun 24 18:16:39 ayush-ubuntu systemd[1]: Mounted sys-kernel-config.mount - Kernel Configuration File System.
Jun 24 18:16:39 ayush-ubuntu kernel: EXT4-fs (nvme0n1p4): re-mounted 4947db02-b9a6-4ed2-83a9-4c7d9ea23b2e r/w. Quota mode: none.
Jun 24 18:16:39 ayush-ubuntu kernel: lp: driver loaded but no devices found
Jun 24 18:16:39 ayush-ubuntu systemd[1]: Finished systemd-remount-fs.service - Remount Root and Kernel File Systems.
Jun 24 18:16:39 ayush-ubuntu systemd[1]: Activating swap swap.img.swap - /swap.img...
Jun 24 18:16:39 ayush-ubuntu systemd[1]: systemd-hwdb-update.service - Rebuild Hardware Database was skipped because of an unmet condition check (ConditionNeedsUpdate=/etc).
Jun 24 18:16:39 ayush-ubuntu systemd[1]: systemd-pstore.service - Platform Persistent Storage Archival was skipped because of an unmet condition check (ConditionDirectoryNotEmpty=/sys/fs/pstore).
Jun 24 18:16:39 ayush-ubuntu systemd[1]: Starting systemd-random-seed.service - Load/Save OS Random Seed...
Jun 24 18:16:39 ayush-ubuntu systemd[1]: systemd-tpm2-setup.service - TPM2 SRK Setup was skipped because of an unmet condition check (ConditionSecurity=measured-uki).
Jun 24 18:16:39 ayush-ubuntu kernel: ppdev: user-space parallel port driver
Jun 24 18:16:39 ayush-ubuntu systemd[1]: Finished systemd-tmpfiles-setup-dev-early.service - Create Static Device Nodes in /dev gracefully.
Jun 24 18:16:39 ayush-ubuntu systemd[1]: systemd-sysusers.service - Create System Users was skipped because no trigger condition checks were met.
Jun 24 18:16:39 ayush-ubuntu kernel: Adding 4194300k swap on /swap.img.  Priority:-2 extents:33 across:102629376k SS
Jun 24 18:16:39 ayush-ubuntu systemd[1]: Starting systemd-tmpfiles-setup-dev.service - Create Static Device Nodes in /dev...
Jun 24 18:16:39 ayush-ubuntu systemd[1]: Activated swap swap.img.swap - /swap.img.
Jun 24 18:16:39 ayush-ubuntu systemd[1]: Reached target swap.target - Swaps.
Jun 24 18:16:39 ayush-ubuntu systemd[1]: Finished systemd-random-seed.service - Load/Save OS Random Seed.
Jun 24 18:16:39 ayush-ubuntu systemd[1]: Finished systemd-tmpfiles-setup-dev.service - Create Static Device Nodes in /dev.
Jun 24 18:16:39 ayush-ubuntu systemd[1]: Finished keyboard-setup.service - Set the console keyboard layout.
Jun 24 18:16:39 ayush-ubuntu systemd[1]: Reached target local-fs-pre.target - Preparation for Local File Systems.
Jun 24 18:16:39 ayush-ubuntu systemd-journald[375]: Journal started
Jun 24 18:16:39 ayush-ubuntu systemd-journald[375]: Runtime Journal (/run/log/journal/2f20a4c62cf14275aceca39466c00bb1) is 8.0M, max 72.5M, 64.5M free.
Jun 24 18:16:39 ayush-ubuntu systemd[1]: Mounting snap-bare-5.mount - Mount unit for bare, revision 5...
Jun 24 18:16:39 ayush-ubuntu systemd-modules-load[390]: Inserted module 'lp'
Jun 24 18:16:39 ayush-ubuntu systemd-modules-load[390]: Inserted module 'ppdev'
Jun 24 18:16:39 ayush-ubuntu systemd-modules-load[390]: Inserted module 'parport_pc'
Jun 24 18:16:39 ayush-ubuntu systemd-modules-load[390]: Inserted module 'msr'
Jun 24 18:16:39 ayush-ubuntu systemd[1]: Mounting snap-core18-2855.mount - Mount unit for core18, revision 2855...
Jun 24 18:16:39 ayush-ubuntu systemd[1]: Mounting snap-core18-2887.mount - Mount unit for core18, revision 2887...
Jun 24 18:16:39 ayush-ubuntu kernel: loop0: detected capacity change from 0 to 8
Jun 24 18:16:39 ayush-ubuntu systemd[1]: Mounting snap-core22-1981.mount - Mount unit for core22, revision 1981...
Jun 24 18:16:39 ayush-ubuntu systemd[1]: Mounting snap-core22-2010.mount - Mount unit for core22, revision 2010...
Jun 24 18:16:39 ayush-ubuntu systemd[1]: Mounting snap-firefox-6227.mount - Mount unit for firefox, revision 6227...
Jun 24 18:16:39 ayush-ubuntu kernel: loop1: detected capacity change from 0 to 113384
Jun 24 18:16:39 ayush-ubuntu kernel: loop2: detected capacity change from 0 to 113656
Jun 24 18:16:39 ayush-ubuntu systemd[1]: Mounting snap-firefox-6316.mount - Mount unit for firefox, revision 6316...
Jun 24 18:16:39 ayush-ubuntu kernel: loop3: detected capacity change from 0 to 151320
Jun 24 18:16:39 ayush-ubuntu systemd[1]: Mounting snap-firmware\x2dupdater-127.mount - Mount unit for firmware-updater, revision 127...
Jun 24 18:16:39 ayush-ubuntu systemd[1]: Mounting snap-firmware\x2dupdater-167.mount - Mount unit for firmware-updater, revision 167...
Jun 24 18:16:39 ayush-ubuntu systemd[1]: Mounting snap-gnome\x2d42\x2d2204-176.mount - Mount unit for gnome-42-2204, revision 176...
Jun 24 18:16:39 ayush-ubuntu kernel: loop4: detected capacity change from 0 to 151352
Jun 24 18:16:39 ayush-ubuntu kernel: loop5: detected capacity change from 0 to 502704
Jun 24 18:16:39 ayush-ubuntu systemd[1]: Mounting snap-gnome\x2d42\x2d2204-202.mount - Mount unit for gnome-42-2204, revision 202...
Jun 24 18:16:39 ayush-ubuntu kernel: loop6: detected capacity change from 0 to 502776
Jun 24 18:16:39 ayush-ubuntu systemd[1]: Mounting snap-gtk\x2dcommon\x2dthemes-1535.mount - Mount unit for gtk-common-themes, revision 1535...
Jun 24 18:16:39 ayush-ubuntu kernel: loop7: detected capacity change from 0 to 21952
Jun 24 18:16:39 ayush-ubuntu systemd[1]: Mounting snap-snap\x2dstore-1248.mount - Mount unit for snap-store, revision 1248...
Jun 24 18:16:39 ayush-ubuntu kernel: loop8: detected capacity change from 0 to 22800
Jun 24 18:16:39 ayush-ubuntu systemd[1]: Mounting snap-snap\x2dstore-1270.mount - Mount unit for snap-store, revision 1270...
Jun 24 18:16:39 ayush-ubuntu systemd[1]: Mounting snap-snapd-24505.mount - Mount unit for snapd, revision 24505...
Jun 24 18:16:39 ayush-ubuntu kernel: loop9: detected capacity change from 0 to 1034424
Jun 24 18:16:39 ayush-ubuntu kernel: loop10: detected capacity change from 0 to 1056784
Jun 24 18:16:39 ayush-ubuntu systemd[1]: Mounting snap-snapd-24718.mount - Mount unit for snapd, revision 24718...
Jun 24 18:16:39 ayush-ubuntu kernel: loop11: detected capacity change from 0 to 187776
Jun 24 18:16:39 ayush-ubuntu systemd[1]: Mounting snap-snapd\x2ddesktop\x2dintegration-178.mount - Mount unit for snapd-desktop-integration, revision 178...
Jun 24 18:16:39 ayush-ubuntu kernel: loop12: detected capacity change from 0 to 22056
Jun 24 18:16:39 ayush-ubuntu systemd[1]: Mounting snap-snapd\x2ddesktop\x2dintegration-253.mount - Mount unit for snapd-desktop-integration, revision 253...
Jun 24 18:16:39 ayush-ubuntu kernel: loop13: detected capacity change from 0 to 22176
Jun 24 18:16:39 ayush-ubuntu systemd[1]: Mounting snap-vlc-3777.mount - Mount unit for vlc, revision 3777...
Jun 24 18:16:39 ayush-ubuntu systemd[1]: Starting systemd-udevd.service - Rule-based Manager for Device Events and Files...
Jun 24 18:16:39 ayush-ubuntu kernel: loop14: detected capacity change from 0 to 104240
Jun 24 18:16:39 ayush-ubuntu kernel: loop15: detected capacity change from 0 to 1000
Jun 24 18:16:39 ayush-ubuntu kernel: loop16: detected capacity change from 0 to 104232
Jun 24 18:16:39 ayush-ubuntu kernel: loop17: detected capacity change from 0 to 1136
Jun 24 18:16:39 ayush-ubuntu kernel: loop18: detected capacity change from 0 to 657616
Jun 24 18:16:39 ayush-ubuntu systemd[1]: Started systemd-journald.service - Journal Service.
Jun 24 18:16:39 ayush-ubuntu systemd[1]: Finished systemd-modules-load.service - Load Kernel Modules.
Jun 24 18:16:39 ayush-ubuntu systemd[1]: Mounted snap-bare-5.mount - Mount unit for bare, revision 5.
Jun 24 18:16:39 ayush-ubuntu systemd[1]: Mounted snap-core18-2855.mount - Mount unit for core18, revision 2855.
Jun 24 18:16:39 ayush-ubuntu systemd[1]: Mounted snap-core18-2887.mount - Mount unit for core18, revision 2887.
Jun 24 18:16:39 ayush-ubuntu systemd[1]: Mounted snap-core22-1981.mount - Mount unit for core22, revision 1981.
Jun 24 18:16:39 ayush-ubuntu systemd[1]: Mounted snap-core22-2010.mount - Mount unit for core22, revision 2010.
Jun 24 18:16:39 ayush-ubuntu systemd[1]: Mounted snap-firefox-6227.mount - Mount unit for firefox, revision 6227.
Jun 24 18:16:39 ayush-ubuntu systemd[1]: Mounted snap-firefox-6316.mount - Mount unit for firefox, revision 6316.
Jun 24 18:16:39 ayush-ubuntu systemd[1]: Mounted snap-firmware\x2dupdater-127.mount - Mount unit for firmware-updater, revision 127.
Jun 24 18:16:39 ayush-ubuntu systemd[1]: Mounted snap-firmware\x2dupdater-167.mount - Mount unit for firmware-updater, revision 167.
Jun 24 18:16:39 ayush-ubuntu systemd[1]: Mounted snap-gnome\x2d42\x2d2204-176.mount - Mount unit for gnome-42-2204, revision 176.
